/Users/rahulpolisetti/Documents/GitHub/CSE237D-FishSense-LowPower/RTC_Alarm/Src/main.c:70:5:main	8	static
/Users/rahulpolisetti/Documents/GitHub/CSE237D-FishSense-LowPower/RTC_Alarm/Src/main.c:125:6:SystemClock_Config	88	static
/Users/rahulpolisetti/Documents/GitHub/CSE237D-FishSense-LowPower/RTC_Alarm/Src/main.c:167:13:MX_RTC_Init	72	static
/Users/rahulpolisetti/Documents/GitHub/CSE237D-FishSense-LowPower/RTC_Alarm/Src/main.c:251:6:HAL_RTC_AlarmAEventCallback	16	static
/Users/rahulpolisetti/Documents/GitHub/CSE237D-FishSense-LowPower/RTC_Alarm/Src/main.c:265:13:RTC_TimeShow	56	static
/Users/rahulpolisetti/Documents/GitHub/CSE237D-FishSense-LowPower/RTC_Alarm/Src/main.c:283:6:Error_Handler	8	static
