/Users/rahulpolisetti/Documents/GitHub/CSE237D-FishSense-LowPower/RTC_Alarm/Src/stm32g0xx_it.c:73:6:NMI_Handler	8	static
/Users/rahulpolisetti/Documents/GitHub/CSE237D-FishSense-LowPower/RTC_Alarm/Src/stm32g0xx_it.c:86:6:HardFault_Handler	8	static
/Users/rahulpolisetti/Documents/GitHub/CSE237D-FishSense-LowPower/RTC_Alarm/Src/stm32g0xx_it.c:101:6:SysTick_Handler	8	static
/Users/rahulpolisetti/Documents/GitHub/CSE237D-FishSense-LowPower/RTC_Alarm/Src/stm32g0xx_it.c:122:6:RTC_TAMP_IRQHandler	8	static
