Archive member included to satisfy reference by file (symbol)

/Applications/STM32CubeIDE.app/Contents/Eclipse/plugins/com.st.stm32cube.ide.mcu.externaltools.gnu-tools-for-stm32.10.3-2021.10.macos64_1.0.0.202111181127/tools/bin/../lib/gcc/arm-none-eabi/10.3.1/../../../../arm-none-eabi/lib/thumb/v6-m/nofp/libc_nano.a(lib_a-errno.o)
                              ./Application/User/syscalls.o (__errno)
/Applications/STM32CubeIDE.app/Contents/Eclipse/plugins/com.st.stm32cube.ide.mcu.externaltools.gnu-tools-for-stm32.10.3-2021.10.macos64_1.0.0.202111181127/tools/bin/../lib/gcc/arm-none-eabi/10.3.1/../../../../arm-none-eabi/lib/thumb/v6-m/nofp/libc_nano.a(lib_a-exit.o)
                              /Applications/STM32CubeIDE.app/Contents/Eclipse/plugins/com.st.stm32cube.ide.mcu.externaltools.gnu-tools-for-stm32.10.3-2021.10.macos64_1.0.0.202111181127/tools/bin/../lib/gcc/arm-none-eabi/10.3.1/../../../../arm-none-eabi/lib/thumb/v6-m/nofp/crt0.o (exit)
/Applications/STM32CubeIDE.app/Contents/Eclipse/plugins/com.st.stm32cube.ide.mcu.externaltools.gnu-tools-for-stm32.10.3-2021.10.macos64_1.0.0.202111181127/tools/bin/../lib/gcc/arm-none-eabi/10.3.1/../../../../arm-none-eabi/lib/thumb/v6-m/nofp/libc_nano.a(lib_a-impure.o)
                              /Applications/STM32CubeIDE.app/Contents/Eclipse/plugins/com.st.stm32cube.ide.mcu.externaltools.gnu-tools-for-stm32.10.3-2021.10.macos64_1.0.0.202111181127/tools/bin/../lib/gcc/arm-none-eabi/10.3.1/../../../../arm-none-eabi/lib/thumb/v6-m/nofp/libc_nano.a(lib_a-exit.o) (_global_impure_ptr)
/Applications/STM32CubeIDE.app/Contents/Eclipse/plugins/com.st.stm32cube.ide.mcu.externaltools.gnu-tools-for-stm32.10.3-2021.10.macos64_1.0.0.202111181127/tools/bin/../lib/gcc/arm-none-eabi/10.3.1/../../../../arm-none-eabi/lib/thumb/v6-m/nofp/libc_nano.a(lib_a-init.o)
                              /Applications/STM32CubeIDE.app/Contents/Eclipse/plugins/com.st.stm32cube.ide.mcu.externaltools.gnu-tools-for-stm32.10.3-2021.10.macos64_1.0.0.202111181127/tools/bin/../lib/gcc/arm-none-eabi/10.3.1/../../../../arm-none-eabi/lib/thumb/v6-m/nofp/crt0.o (__libc_init_array)
/Applications/STM32CubeIDE.app/Contents/Eclipse/plugins/com.st.stm32cube.ide.mcu.externaltools.gnu-tools-for-stm32.10.3-2021.10.macos64_1.0.0.202111181127/tools/bin/../lib/gcc/arm-none-eabi/10.3.1/../../../../arm-none-eabi/lib/thumb/v6-m/nofp/libc_nano.a(lib_a-memset.o)
                              /Applications/STM32CubeIDE.app/Contents/Eclipse/plugins/com.st.stm32cube.ide.mcu.externaltools.gnu-tools-for-stm32.10.3-2021.10.macos64_1.0.0.202111181127/tools/bin/../lib/gcc/arm-none-eabi/10.3.1/../../../../arm-none-eabi/lib/thumb/v6-m/nofp/crt0.o (memset)
/Applications/STM32CubeIDE.app/Contents/Eclipse/plugins/com.st.stm32cube.ide.mcu.externaltools.gnu-tools-for-stm32.10.3-2021.10.macos64_1.0.0.202111181127/tools/bin/../lib/gcc/arm-none-eabi/10.3.1/../../../../arm-none-eabi/lib/thumb/v6-m/nofp/libc_nano.a(lib_a-sprintf.o)
                              ./Application/User/main.o (sprintf)
/Applications/STM32CubeIDE.app/Contents/Eclipse/plugins/com.st.stm32cube.ide.mcu.externaltools.gnu-tools-for-stm32.10.3-2021.10.macos64_1.0.0.202111181127/tools/bin/../lib/gcc/arm-none-eabi/10.3.1/../../../../arm-none-eabi/lib/thumb/v6-m/nofp/libc_nano.a(lib_a-nano-svfprintf.o)
                              /Applications/STM32CubeIDE.app/Contents/Eclipse/plugins/com.st.stm32cube.ide.mcu.externaltools.gnu-tools-for-stm32.10.3-2021.10.macos64_1.0.0.202111181127/tools/bin/../lib/gcc/arm-none-eabi/10.3.1/../../../../arm-none-eabi/lib/thumb/v6-m/nofp/libc_nano.a(lib_a-sprintf.o) (_svfprintf_r)
/Applications/STM32CubeIDE.app/Contents/Eclipse/plugins/com.st.stm32cube.ide.mcu.externaltools.gnu-tools-for-stm32.10.3-2021.10.macos64_1.0.0.202111181127/tools/bin/../lib/gcc/arm-none-eabi/10.3.1/../../../../arm-none-eabi/lib/thumb/v6-m/nofp/libc_nano.a(lib_a-nano-vfprintf_i.o)
                              /Applications/STM32CubeIDE.app/Contents/Eclipse/plugins/com.st.stm32cube.ide.mcu.externaltools.gnu-tools-for-stm32.10.3-2021.10.macos64_1.0.0.202111181127/tools/bin/../lib/gcc/arm-none-eabi/10.3.1/../../../../arm-none-eabi/lib/thumb/v6-m/nofp/libc_nano.a(lib_a-nano-svfprintf.o) (_printf_i)
/Applications/STM32CubeIDE.app/Contents/Eclipse/plugins/com.st.stm32cube.ide.mcu.externaltools.gnu-tools-for-stm32.10.3-2021.10.macos64_1.0.0.202111181127/tools/bin/../lib/gcc/arm-none-eabi/10.3.1/../../../../arm-none-eabi/lib/thumb/v6-m/nofp/libc_nano.a(lib_a-memchr-stub.o)
                              /Applications/STM32CubeIDE.app/Contents/Eclipse/plugins/com.st.stm32cube.ide.mcu.externaltools.gnu-tools-for-stm32.10.3-2021.10.macos64_1.0.0.202111181127/tools/bin/../lib/gcc/arm-none-eabi/10.3.1/../../../../arm-none-eabi/lib/thumb/v6-m/nofp/libc_nano.a(lib_a-nano-svfprintf.o) (memchr)
[...]
Memory Configuration

Name             Origin             Length             Attributes
RAM              0x0000000020000000 0x0000000000009000 xrw
FLASH            0x0000000008000000 0x0000000000020000 xr
*default*        0x0000000000000000 0xffffffffffffffff

Linker script and memory map

LOAD /Applications/STM32CubeIDE.app/Contents/Eclipse/plugins/com.st.stm32cube.ide.mcu.externaltools.gnu-tools-for-stm32.10.3-2021.10.macos64_1.0.0.202111181127/tools/bin/../lib/gcc/arm-none-eabi/10.3.1/thumb/v6-m/nofp/crti.o
LOAD /Applications/STM32CubeIDE.app/Contents/Eclipse/plugins/com.st.stm32cube.ide.mcu.externaltools.gnu-tools-for-stm32.10.3-2021.10.macos64_1.0.0.202111181127/tools/bin/../lib/gcc/arm-none-eabi/10.3.1/thumb/v6-m/nofp/crtbegin.o
LOAD /Applications/STM32CubeIDE.app/Contents/Eclipse/plugins/com.st.stm32cube.ide.mcu.externaltools.gnu-tools-for-stm32.10.3-2021.10.macos64_1.0.0.202111181127/tools/bin/../lib/gcc/arm-none-eabi/10.3.1/../../../../arm-none-eabi/lib/thumb/v6-m/nofp/crt0.o
LOAD ./Application/Startup/startup_stm32g071rbtx.o
LOAD ./Application/User/gpio.o
LOAD ./Application/User/main.o
LOAD ./Application/User/stm32g0xx_hal_msp.o
LOAD ./Application/User/stm32g0xx_it.o
LOAD ./Application/User/syscalls.o
LOAD ./Application/User/sysmem.o
LOAD ./Drivers/BSP/STM32G0xx_Nucleo/stm32g0xx_nucleo.o
LOAD ./Drivers/CMSIS/system_stm32g0xx.o
LOAD ./Drivers/STM32G0xx_HAL_Driver/stm32g0xx_hal.o
LOAD ./Drivers/STM32G0xx_HAL_Driver/stm32g0xx_hal_cortex.o
LOAD ./Drivers/STM32G0xx_HAL_Driver/stm32g0xx_hal_dma.o
LOAD ./Drivers/STM32G0xx_HAL_Driver/stm32g0xx_hal_dma_ex.o
LOAD ./Drivers/STM32G0xx_HAL_Driver/stm32g0xx_hal_exti.o
LOAD ./Drivers/STM32G0xx_HAL_Driver/stm32g0xx_hal_flash.o
LOAD ./Drivers/STM32G0xx_HAL_Driver/stm32g0xx_hal_flash_ex.o
LOAD ./Drivers/STM32G0xx_HAL_Driver/stm32g0xx_hal_gpio.o
LOAD ./Drivers/STM32G0xx_HAL_Driver/stm32g0xx_hal_pwr.o
LOAD ./Drivers/STM32G0xx_HAL_Driver/stm32g0xx_hal_pwr_ex.o
LOAD ./Drivers/STM32G0xx_HAL_Driver/stm32g0xx_hal_rcc.o
LOAD ./Drivers/STM32G0xx_HAL_Driver/stm32g0xx_hal_rcc_ex.o
LOAD ./Drivers/STM32G0xx_HAL_Driver/stm32g0xx_hal_rtc.o
LOAD ./Drivers/STM32G0xx_HAL_Driver/stm32g0xx_hal_rtc_ex.o
LOAD ./Drivers/STM32G0xx_HAL_Driver/stm32g0xx_hal_tim.o
LOAD ./Drivers/STM32G0xx_HAL_Driver/stm32g0xx_hal_tim_ex.o
LOAD ./Drivers/STM32G0xx_HAL_Driver/stm32g0xx_ll_dma.o
LOAD ./Drivers/STM32G0xx_HAL_Driver/stm32g0xx_ll_rcc.o
START GROUP
LOAD /Applications/STM32CubeIDE.app/Contents/Eclipse/plugins/com.st.stm32cube.ide.mcu.externaltools.gnu-tools-for-stm32.10.3-2021.10.macos64_1.0.0.202111181127/tools/bin/../lib/gcc/arm-none-eabi/10.3.1/../../../../arm-none-eabi/lib/thumb/v6-m/nofp/libc_nano.a
LOAD /Applications/STM32CubeIDE.app/Contents/Eclipse/plugins/com.st.stm32cube.ide.mcu.externaltools.gnu-tools-for-stm32.10.3-2021.10.macos64_1.0.0.202111181127/tools/bin/../lib/gcc/arm-none-eabi/10.3.1/../../../../arm-none-eabi/lib/thumb/v6-m/nofp/libm.a
END GROUP
START GROUP
LOAD /Applications/STM32CubeIDE.app/Contents/Eclipse/plugins/com.st.stm32cube.ide.mcu.externaltools.gnu-tools-for-stm32.10.3-2021.10.macos64_1.0.0.202111181127/tools/bin/../lib/gcc/arm-none-eabi/10.3.1/thumb/v6-m/nofp/libgcc.a
LOAD /Applications/STM32CubeIDE.app/Contents/Eclipse/plugins/com.st.stm32cube.ide.mcu.externaltools.gnu-tools-for-stm32.10.3-2021.10.macos64_1.0.0.202111181127/tools/bin/../lib/gcc/arm-none-eabi/10.3.1/../../../../arm-none-eabi/lib/thumb/v6-m/nofp/libc_nano.a
END GROUP
START GROUP
LOAD /Applications/STM32CubeIDE.app/Contents/Eclipse/plugins/com.st.stm32cube.ide.mcu.externaltools.gnu-tools-for-stm32.10.3-2021.10.macos64_1.0.0.202111181127/tools/bin/../lib/gcc/arm-none-eabi/10.3.1/thumb/v6-m/nofp/libgcc.a
LOAD /Applications/STM32CubeIDE.app/Contents/Eclipse/plugins/com.st.stm32cube.ide.mcu.externaltools.gnu-tools-for-stm32.10.3-2021.10.macos64_1.0.0.202111181127/tools/bin/../lib/gcc/arm-none-eabi/10.3.1/../../../../arm-none-eabi/lib/thumb/v6-m/nofp/libc_nano.a
LOAD /Applications/STM32CubeIDE.app/Contents/Eclipse/plugins/com.st.stm32cube.ide.mcu.externaltools.gnu-tools-for-stm32.10.3-2021.10.macos64_1.0.0.202111181127/tools/bin/../lib/gcc/arm-none-eabi/10.3.1/../../../../arm-none-eabi/lib/thumb/v6-m/nofp/libnosys.a
END GROUP
START GROUP
LOAD /Applications/STM32CubeIDE.app/Contents/Eclipse/plugins/com.st.stm32cube.ide.mcu.externaltools.gnu-tools-for-stm32.10.3-2021.10.macos64_1.0.0.202111181127/tools/bin/../lib/gcc/arm-none-eabi/10.3.1/thumb/v6-m/nofp/libgcc.a
LOAD /Applications/STM32CubeIDE.app/Contents/Eclipse/plugins/com.st.stm32cube.ide.mcu.externaltools.gnu-tools-for-stm32.10.3-2021.10.macos64_1.0.0.202111181127/tools/bin/../lib/gcc/arm-none-eabi/10.3.1/../../../../arm-none-eabi/lib/thumb/v6-m/nofp/libc_nano.a
LOAD /Applications/STM32CubeIDE.app/Contents/Eclipse/plugins/com.st.stm32cube.ide.mcu.externaltools.gnu-tools-for-stm32.10.3-2021.10.macos64_1.0.0.202111181127/tools/bin/../lib/gcc/arm-none-eabi/10.3.1/../../../../arm-none-eabi/lib/thumb/v6-m/nofp/libnosys.a
END GROUP
LOAD /Applications/STM32CubeIDE.app/Contents/Eclipse/plugins/com.st.stm32cube.ide.mcu.externaltools.gnu-tools-for-stm32.10.3-2021.10.macos64_1.0.0.202111181127/tools/bin/../lib/gcc/arm-none-eabi/10.3.1/thumb/v6-m/nofp/crtend.o
LOAD /Applications/STM32CubeIDE.app/Contents/Eclipse/plugins/com.st.stm32cube.ide.mcu.externaltools.gnu-tools-for-stm32.10.3-2021.10.macos64_1.0.0.202111181127/tools/bin/../lib/gcc/arm-none-eabi/10.3.1/thumb/v6-m/nofp/crtn.o
                0x0000000020009000                _estack = (ORIGIN (RAM) + LENGTH (RAM))
                0x0000000000000200                _Min_Heap_Size = 0x200
                0x0000000000000400                _Min_Stack_Size = 0x400

.isr_vector     0x0000000008000000       0xbc
                0x0000000008000000                . = ALIGN (0x4)
 *(.isr_vector)
 .isr_vector    0x0000000008000000       0xbc ./Application/Startup/startup_stm32g071rbtx.o
                0x0000000008000000                g_pfnVectors
                0x00000000080000bc                . = ALIGN (0x4)

.text           0x00000000080000bc     0x3058
                0x00000000080000bc                . = ALIGN (0x4)
 *(.text)
 .text          0x00000000080000bc       0x48 /Applications/STM32CubeIDE.app/Contents/Eclipse/plugins/com.st.stm32cube.ide.mcu.externaltools.gnu-tools-for-stm32.10.3-2021.10.macos64_1.0.0.202111181127/tools/bin/../lib/gcc/arm-none-eabi/10.3.1/thumb/v6-m/nofp/crtbegin.o
 .text          0x0000000008000104       0x14 /Applications/STM32CubeIDE.app/Contents/Eclipse/plugins/com.st.stm32cube.ide.mcu.externaltools.gnu-tools-for-stm32.10.3-2021.10.macos64_1.0.0.202111181127/tools/bin/../lib/gcc/arm-none-eabi/10.3.1/thumb/v6-m/nofp/libgcc.a(_thumb1_case_shi.o)
                0x0000000008000104                __gnu_thumb1_case_shi
 .text          0x0000000008000118      0x114 /Applications/STM32CubeIDE.app/Contents/Eclipse/plugins/com.st.stm32cube.ide.mcu.externaltools.gnu-tools-for-stm32.10.3-2021.10.macos64_1.0.0.202111181127/tools/bin/../lib/gcc/arm-none-eabi/10.3.1/thumb/v6-m/nofp/libgcc.a(_udivsi3.o)
                0x0000000008000118                __udivsi3
                0x0000000008000118                __aeabi_uidiv
                0x0000000008000224                __aeabi_uidivmod
 .text          0x000000000800022c        0x4 /Applications/STM32CubeIDE.app/Contents/Eclipse/plugins/com.st.stm32cube.ide.mcu.externaltools.gnu-tools-for-stm32.10.3-2021.10.macos64_1.0.0.202111181127/tools/bin/../lib/gcc/arm-none-eabi/10.3.1/thumb/v6-m/nofp/libgcc.a(_dvmd_tls.o)
                0x000000000800022c                __aeabi_ldiv0
                0x000000000800022c                __aeabi_idiv0
 *(.text*)
 .text.Reset_Handler
                0x0000000008000230       0x50 ./Application/Startup/startup_stm32g071rbtx.o
                0x0000000008000230                Reset_Handler
 .text.Default_Handler
                0x0000000008000280        0x2 ./Application/Startup/startup_stm32g071rbtx.o
                0x0000000008000280                TIM1_BRK_UP_TRG_COM_IRQHandler
                0x0000000008000280                TIM1_CC_IRQHandler
                0x0000000008000280                ADC1_COMP_IRQHandler
                0x0000000008000280                PVD_IRQHandler
                0x0000000008000280                PendSV_Handler
                0x0000000008000280                I2C1_IRQHandler
                0x0000000008000280                TIM7_LPTIM2_IRQHandler
                0x0000000008000280                SPI1_IRQHandler
                0x0000000008000280                EXTI2_3_IRQHandler
                0x0000000008000280                I2C2_IRQHandler
                0x0000000008000280                TIM17_IRQHandler
                0x0000000008000280                TIM16_IRQHandler
                0x0000000008000280                TIM3_IRQHandler
                0x0000000008000280                EXTI4_15_IRQHandler
                0x0000000008000280                RCC_IRQHandler
                0x0000000008000280                DMA1_Channel1_IRQHandler
                0x0000000008000280                Default_Handler
                0x0000000008000280                CEC_IRQHandler
                0x0000000008000280                TIM14_IRQHandler
                0x0000000008000280                TIM15_IRQHandler
                0x0000000008000280                EXTI0_1_IRQHandler
                0x0000000008000280                SPI2_IRQHandler
                0x0000000008000280                SVC_Handler
                0x0000000008000280                TIM6_DAC_LPTIM1_IRQHandler
                0x0000000008000280                WWDG_IRQHandler
                0x0000000008000280                TIM2_IRQHandler
                0x0000000008000280                DMA1_Ch4_7_DMAMUX1_OVR_IRQHandler
                0x0000000008000280                DMA1_Channel2_3_IRQHandler
                0x0000000008000280                UCPD1_2_IRQHandler
                0x0000000008000280                USART2_IRQHandler
                0x0000000008000280                FLASH_IRQHandler
                0x0000000008000280                USART1_IRQHandler
                0x0000000008000280                USART3_4_LPUART1_IRQHandler
 *fill*         0x0000000008000282        0x2 
 .text.BSP_GPIO_Init
                0x0000000008000284       0x70 ./Application/User/gpio.o
                0x0000000008000284                BSP_GPIO_Init
 .text.BSP_GPIO_On
                0x00000000080002f4       0x30 ./Application/User/gpio.o
                0x00000000080002f4                BSP_GPIO_On
 .text.BSP_GPIO_Off
                0x0000000008000324       0x30 ./Application/User/gpio.o
                0x0000000008000324                BSP_GPIO_Off
 .text.main     0x0000000008000354       0x48 ./Application/User/main.o
                0x0000000008000354                main
 .text.SystemClock_Config
                0x000000000800039c       0xb2 ./Application/User/main.o
                0x000000000800039c                SystemClock_Config
 *fill*         0x000000000800044e        0x2 
 .text.MX_RTC_Init
                0x0000000008000450       0xd8 ./Application/User/main.o
 .text.MX_RTC_Set_Alarm
                0x0000000008000528       0xb0 ./Application/User/main.o
 .text.HAL_RTC_AlarmAEventCallback
                0x00000000080005d8       0x1c ./Application/User/main.o
                0x00000000080005d8                HAL_RTC_AlarmAEventCallback
 .text.RTC_TimeShow
                0x00000000080005f4       0x54 ./Application/User/main.o
 .text.Error_Handler
                0x0000000008000648       0x20 ./Application/User/main.o
                0x0000000008000648                Error_Handler
 .text.HAL_MspInit
                0x0000000008000668       0x50 ./Application/User/stm32g0xx_hal_msp.o
                0x0000000008000668                HAL_MspInit
 .text.HAL_RTC_MspInit
                0x00000000080006b8      0x120 ./Application/User/stm32g0xx_hal_msp.o
                0x00000000080006b8                HAL_RTC_MspInit
 .text.NMI_Handler
                0x00000000080007d8        0xa ./Application/User/stm32g0xx_it.o
                0x00000000080007d8                NMI_Handler
 .text.HardFault_Handler
                0x00000000080007e2        0x6 ./Application/User/stm32g0xx_it.o
                0x00000000080007e2                HardFault_Handler
 .text.SysTick_Handler
                0x00000000080007e8        0xe ./Application/User/stm32g0xx_it.o
                0x00000000080007e8                SysTick_Handler
 *fill*         0x00000000080007f6        0x2 
 .text.RTC_TAMP_IRQHandler
                0x00000000080007f8       0x18 ./Application/User/stm32g0xx_it.o
                0x00000000080007f8                RTC_TAMP_IRQHandler
 .text._sbrk    0x0000000008000810       0x6c ./Application/User/sysmem.o
                0x0000000008000810                _sbrk
 .text.BSP_LED_Init
                0x000000000800087c       0x6c ./Drivers/BSP/STM32G0xx_Nucleo/stm32g0xx_nucleo.o
                0x000000000800087c                BSP_LED_Init
 .text.BSP_LED_On
                0x00000000080008e8       0x2c ./Drivers/BSP/STM32G0xx_Nucleo/stm32g0xx_nucleo.o
                0x00000000080008e8                BSP_LED_On
 .text.BSP_LED_Off
                0x0000000008000914       0x2c ./Drivers/BSP/STM32G0xx_Nucleo/stm32g0xx_nucleo.o
                0x0000000008000914                BSP_LED_Off
 .text.BSP_LED_Toggle
                0x0000000008000940       0x2c ./Drivers/BSP/STM32G0xx_Nucleo/stm32g0xx_nucleo.o
                0x0000000008000940                BSP_LED_Toggle
 .text.SystemInit
                0x000000000800096c       0x18 ./Drivers/CMSIS/system_stm32g0xx.o
                0x000000000800096c                SystemInit
 .text.HAL_Init
                0x0000000008000984       0x40 ./Drivers/STM32G0xx_HAL_Driver/stm32g0xx_hal.o
                0x0000000008000984                HAL_Init
 .text.HAL_InitTick
                0x00000000080009c4       0x94 ./Drivers/STM32G0xx_HAL_Driver/stm32g0xx_hal.o
                0x00000000080009c4                HAL_InitTick
 .text.HAL_IncTick
                0x0000000008000a58       0x24 ./Drivers/STM32G0xx_HAL_Driver/stm32g0xx_hal.o
                0x0000000008000a58                HAL_IncTick
 .text.HAL_GetTick
                0x0000000008000a7c       0x14 ./Drivers/STM32G0xx_HAL_Driver/stm32g0xx_hal.o
                0x0000000008000a7c                HAL_GetTick
 .text.HAL_Delay
                0x0000000008000a90       0x48 ./Drivers/STM32G0xx_HAL_Driver/stm32g0xx_hal.o
                0x0000000008000a90                HAL_Delay
 .text.HAL_SYSCFG_StrobeDBattpinsConfig
                0x0000000008000ad8       0x2c ./Drivers/STM32G0xx_HAL_Driver/stm32g0xx_hal.o
                0x0000000008000ad8                HAL_SYSCFG_StrobeDBattpinsConfig
 .text.__NVIC_EnableIRQ
                0x0000000008000b04       0x34 ./Drivers/STM32G0xx_HAL_Driver/stm32g0xx_hal_cortex.o
 .text.__NVIC_SetPriority
                0x0000000008000b38       0xdc ./Drivers/STM32G0xx_HAL_Driver/stm32g0xx_hal_cortex.o
 .text.SysTick_Config
                0x0000000008000c14       0x48 ./Drivers/STM32G0xx_HAL_Driver/stm32g0xx_hal_cortex.o
 .text.HAL_NVIC_SetPriority
                0x0000000008000c5c       0x2a ./Drivers/STM32G0xx_HAL_Driver/stm32g0xx_hal_cortex.o
                0x0000000008000c5c                HAL_NVIC_SetPriority
 .text.HAL_NVIC_EnableIRQ
                0x0000000008000c86       0x20 ./Drivers/STM32G0xx_HAL_Driver/stm32g0xx_hal_cortex.o
                0x0000000008000c86                HAL_NVIC_EnableIRQ
 .text.HAL_SYSTICK_Config
                0x0000000008000ca6       0x1a ./Drivers/STM32G0xx_HAL_Driver/stm32g0xx_hal_cortex.o
                0x0000000008000ca6                HAL_SYSTICK_Config
 .text.HAL_GPIO_Init
                0x0000000008000cc0      0x2c8 ./Drivers/STM32G0xx_HAL_Driver/stm32g0xx_hal_gpio.o
                0x0000000008000cc0                HAL_GPIO_Init
 .text.HAL_GPIO_WritePin
                0x0000000008000f88       0x3a ./Drivers/STM32G0xx_HAL_Driver/stm32g0xx_hal_gpio.o
                0x0000000008000f88                HAL_GPIO_WritePin
 .text.HAL_GPIO_TogglePin
                0x0000000008000fc2       0x36 ./Drivers/STM32G0xx_HAL_Driver/stm32g0xx_hal_gpio.o
                0x0000000008000fc2                HAL_GPIO_TogglePin
 .text.HAL_PWR_EnableBkUpAccess
                0x0000000008000ff8       0x1c ./Drivers/STM32G0xx_HAL_Driver/stm32g0xx_hal_pwr.o
                0x0000000008000ff8                HAL_PWR_EnableBkUpAccess
 .text.HAL_RCC_OscConfig
                0x0000000008001014      0x634 ./Drivers/STM32G0xx_HAL_Driver/stm32g0xx_hal_rcc.o
                0x0000000008001014                HAL_RCC_OscConfig
 .text.HAL_RCC_ClockConfig
                0x0000000008001648      0x210 ./Drivers/STM32G0xx_HAL_Driver/stm32g0xx_hal_rcc.o
                0x0000000008001648                HAL_RCC_ClockConfig
 .text.HAL_RCC_GetSysClockFreq
                0x0000000008001858      0x104 ./Drivers/STM32G0xx_HAL_Driver/stm32g0xx_hal_rcc.o
                0x0000000008001858                HAL_RCC_GetSysClockFreq
 .text.HAL_RCCEx_PeriphCLKConfig
                0x000000000800195c      0x370 ./Drivers/STM32G0xx_HAL_Driver/stm32g0xx_hal_rcc_ex.o
                0x000000000800195c                HAL_RCCEx_PeriphCLKConfig
 .text.HAL_RCCEx_GetPeriphCLKConfig
                0x0000000008001ccc      0x110 ./Drivers/STM32G0xx_HAL_Driver/stm32g0xx_hal_rcc_ex.o
                0x0000000008001ccc                HAL_RCCEx_GetPeriphCLKConfig
 .text.HAL_RTC_Init
                0x0000000008001ddc      0x12c ./Drivers/STM32G0xx_HAL_Driver/stm32g0xx_hal_rtc.o
                0x0000000008001ddc                HAL_RTC_Init
 .text.HAL_RTC_SetTime
                0x0000000008001f08      0x150 ./Drivers/STM32G0xx_HAL_Driver/stm32g0xx_hal_rtc.o
                0x0000000008001f08                HAL_RTC_SetTime
 .text.HAL_RTC_GetTime
                0x0000000008002058       0xb8 ./Drivers/STM32G0xx_HAL_Driver/stm32g0xx_hal_rtc.o
                0x0000000008002058                HAL_RTC_GetTime
 .text.HAL_RTC_SetDate
                0x0000000008002110      0x124 ./Drivers/STM32G0xx_HAL_Driver/stm32g0xx_hal_rtc.o
                0x0000000008002110                HAL_RTC_SetDate
 .text.HAL_RTC_GetDate
                0x0000000008002234       0x9c ./Drivers/STM32G0xx_HAL_Driver/stm32g0xx_hal_rtc.o
                0x0000000008002234                HAL_RTC_GetDate
 .text.HAL_RTC_SetAlarm_IT
                0x00000000080022d0      0x280 ./Drivers/STM32G0xx_HAL_Driver/stm32g0xx_hal_rtc.o
                0x00000000080022d0                HAL_RTC_SetAlarm_IT
 .text.HAL_RTC_AlarmIRQHandler
                0x0000000008002550       0x7c ./Drivers/STM32G0xx_HAL_Driver/stm32g0xx_hal_rtc.o
                0x0000000008002550                HAL_RTC_AlarmIRQHandler
 .text.HAL_RTC_WaitForSynchro
                0x00000000080025cc       0x4e ./Drivers/STM32G0xx_HAL_Driver/stm32g0xx_hal_rtc.o
                0x00000000080025cc                HAL_RTC_WaitForSynchro
 .text.RTC_EnterInitMode
                0x000000000800261a       0x84 ./Drivers/STM32G0xx_HAL_Driver/stm32g0xx_hal_rtc.o
                0x000000000800261a                RTC_EnterInitMode
 *fill*         0x000000000800269e        0x2 
 .text.RTC_ExitInitMode
                0x00000000080026a0       0x88 ./Drivers/STM32G0xx_HAL_Driver/stm32g0xx_hal_rtc.o
                0x00000000080026a0                RTC_ExitInitMode
 .text.RTC_ByteToBcd2
                0x0000000008002728       0x50 ./Drivers/STM32G0xx_HAL_Driver/stm32g0xx_hal_rtc.o
                0x0000000008002728                RTC_ByteToBcd2
 .text.RTC_Bcd2ToByte
                0x0000000008002778       0x3a ./Drivers/STM32G0xx_HAL_Driver/stm32g0xx_hal_rtc.o
                0x0000000008002778                RTC_Bcd2ToByte
 .text.HAL_RTCEx_AlarmBEventCallback
                0x00000000080027b2       0x10 ./Drivers/STM32G0xx_HAL_Driver/stm32g0xx_hal_rtc_ex.o
                0x00000000080027b2                HAL_RTCEx_AlarmBEventCallback
 *fill*         0x00000000080027c2        0x2 
 .text.__errno  0x00000000080027c4        0xc /Applications/STM32CubeIDE.app/Contents/Eclipse/plugins/com.st.stm32cube.ide.mcu.externaltools.gnu-tools-for-stm32.10.3-2021.10.macos64_1.0.0.202111181127/tools/bin/../lib/gcc/arm-none-eabi/10.3.1/../../../../arm-none-eabi/lib/thumb/v6-m/nofp/libc_nano.a(lib_a-errno.o)
                0x00000000080027c4                __errno
 .text.__libc_init_array
                0x00000000080027d0       0x48 /Applications/STM32CubeIDE.app/Contents/Eclipse/plugins/com.st.stm32cube.ide.mcu.externaltools.gnu-tools-for-stm32.10.3-2021.10.macos64_1.0.0.202111181127/tools/bin/../lib/gcc/arm-none-eabi/10.3.1/../../../../arm-none-eabi/lib/thumb/v6-m/nofp/libc_nano.a(lib_a-init.o)
                0x00000000080027d0                __libc_init_array
 .text.memset   0x0000000008002818       0x10 /Applications/STM32CubeIDE.app/Contents/Eclipse/plugins/com.st.stm32cube.ide.mcu.externaltools.gnu-tools-for-stm32.10.3-2021.10.macos64_1.0.0.202111181127/tools/bin/../lib/gcc/arm-none-eabi/10.3.1/../../../../arm-none-eabi/lib/thumb/v6-m/nofp/libc_nano.a(lib_a-memset.o)
                0x0000000008002818                memset
 .text.sprintf  0x0000000008002828       0x40 /Applications/STM32CubeIDE.app/Contents/Eclipse/plugins/com.st.stm32cube.ide.mcu.externaltools.gnu-tools-for-stm32.10.3-2021.10.macos64_1.0.0.202111181127/tools/bin/../lib/gcc/arm-none-eabi/10.3.1/../../../../arm-none-eabi/lib/thumb/v6-m/nofp/libc_nano.a(lib_a-sprintf.o)
                0x0000000008002828                sprintf
                0x0000000008002828                siprintf
 .text.__ssputs_r
                0x0000000008002868       0xc4 /Applications/STM32CubeIDE.app/Contents/Eclipse/plugins/com.st.stm32cube.ide.mcu.externaltools.gnu-tools-for-stm32.10.3-2021.10.macos64_1.0.0.202111181127/tools/bin/../lib/gcc/arm-none-eabi/10.3.1/../../../../arm-none-eabi/lib/thumb/v6-m/nofp/libc_nano.a(lib_a-nano-svfprintf.o)
                0x0000000008002868                __ssputs_r
 .text._svfprintf_r
                0x000000000800292c      0x200 /Applications/STM32CubeIDE.app/Contents/Eclipse/plugins/com.st.stm32cube.ide.mcu.externaltools.gnu-tools-for-stm32.10.3-2021.10.macos64_1.0.0.202111181127/tools/bin/../lib/gcc/arm-none-eabi/10.3.1/../../../../arm-none-eabi/lib/thumb/v6-m/nofp/libc_nano.a(lib_a-nano-svfprintf.o)
                0x000000000800292c                _svfprintf_r
                0x000000000800292c                _svfiprintf_r
 .text._printf_common
                0x0000000008002b2c       0xde /Applications/STM32CubeIDE.app/Contents/Eclipse/plugins/com.st.stm32cube.ide.mcu.externaltools.gnu-tools-for-stm32.10.3-2021.10.macos64_1.0.0.202111181127/tools/bin/../lib/gcc/arm-none-eabi/10.3.1/../../../../arm-none-eabi/lib/thumb/v6-m/nofp/libc_nano.a(lib_a-nano-vfprintf_i.o)
                0x0000000008002b2c                _printf_common
 *fill*         0x0000000008002c0a        0x2 
 .text._printf_i
                0x0000000008002c0c      0x224 /Applications/STM32CubeIDE.app/Contents/Eclipse/plugins/com.st.stm32cube.ide.mcu.externaltools.gnu-tools-for-stm32.10.3-2021.10.macos64_1.0.0.202111181127/tools/bin/../lib/gcc/arm-none-eabi/10.3.1/../../../../arm-none-eabi/lib/thumb/v6-m/nofp/libc_nano.a(lib_a-nano-vfprintf_i.o)
                0x0000000008002c0c                _printf_i
 .text.memchr   0x0000000008002e30       0x16 /Applications/STM32CubeIDE.app/Contents/Eclipse/plugins/com.st.stm32cube.ide.mcu.externaltools.gnu-tools-for-stm32.10.3-2021.10.macos64_1.0.0.202111181127/tools/bin/../lib/gcc/arm-none-eabi/10.3.1/../../../../arm-none-eabi/lib/thumb/v6-m/nofp/libc_nano.a(lib_a-memchr-stub.o)
                0x0000000008002e30                memchr
 .text.memcpy   0x0000000008002e46       0x12 /Applications/STM32CubeIDE.app/Contents/Eclipse/plugins/com.st.stm32cube.ide.mcu.externaltools.gnu-tools-for-stm32.10.3-2021.10.macos64_1.0.0.202111181127/tools/bin/../lib/gcc/arm-none-eabi/10.3.1/../../../../arm-none-eabi/lib/thumb/v6-m/nofp/libc_nano.a(lib_a-memcpy-stub.o)
                0x0000000008002e46                memcpy
 .text.memmove  0x0000000008002e58       0x26 /Applications/STM32CubeIDE.app/Contents/Eclipse/plugins/com.st.stm32cube.ide.mcu.externaltools.gnu-tools-for-stm32.10.3-2021.10.macos64_1.0.0.202111181127/tools/bin/../lib/gcc/arm-none-eabi/10.3.1/../../../../arm-none-eabi/lib/thumb/v6-m/nofp/libc_nano.a(lib_a-memmove.o)
                0x0000000008002e58                memmove
 *fill*         0x0000000008002e7e        0x2 
 .text._free_r  0x0000000008002e80       0x94 /Applications/STM32CubeIDE.app/Contents/Eclipse/plugins/com.st.stm32cube.ide.mcu.externaltools.gnu-tools-for-stm32.10.3-2021.10.macos64_1.0.0.202111181127/tools/bin/../lib/gcc/arm-none-eabi/10.3.1/../../../../arm-none-eabi/lib/thumb/v6-m/nofp/libc_nano.a(lib_a-nano-freer.o)
                0x0000000008002e80                _free_r
 .text.sbrk_aligned
                0x0000000008002f14       0x44 /Applications/STM32CubeIDE.app/Contents/Eclipse/plugins/com.st.stm32cube.ide.mcu.externaltools.gnu-tools-for-stm32.10.3-2021.10.macos64_1.0.0.202111181127/tools/bin/../lib/gcc/arm-none-eabi/10.3.1/../../../../arm-none-eabi/lib/thumb/v6-m/nofp/libc_nano.a(lib_a-nano-mallocr.o)
 .text._malloc_r
                0x0000000008002f58       0xec /Applications/STM32CubeIDE.app/Contents/Eclipse/plugins/com.st.stm32cube.ide.mcu.externaltools.gnu-tools-for-stm32.10.3-2021.10.macos64_1.0.0.202111181127/tools/bin/../lib/gcc/arm-none-eabi/10.3.1/../../../../arm-none-eabi/lib/thumb/v6-m/nofp/libc_nano.a(lib_a-nano-mallocr.o)
                0x0000000008002f58                _malloc_r
 .text._realloc_r
                0x0000000008003044       0x5e /Applications/STM32CubeIDE.app/Contents/Eclipse/plugins/com.st.stm32cube.ide.mcu.externaltools.gnu-tools-for-stm32.10.3-2021.10.macos64_1.0.0.202111181127/tools/bin/../lib/gcc/arm-none-eabi/10.3.1/../../../../arm-none-eabi/lib/thumb/v6-m/nofp/libc_nano.a(lib_a-nano-reallocr.o)
                0x0000000008003044                _realloc_r
 *fill*         0x00000000080030a2        0x2 
 .text._sbrk_r  0x00000000080030a4       0x24 /Applications/STM32CubeIDE.app/Contents/Eclipse/plugins/com.st.stm32cube.ide.mcu.externaltools.gnu-tools-for-stm32.10.3-2021.10.macos64_1.0.0.202111181127/tools/bin/../lib/gcc/arm-none-eabi/10.3.1/../../../../arm-none-eabi/lib/thumb/v6-m/nofp/libc_nano.a(lib_a-sbrkr.o)
                0x00000000080030a4                _sbrk_r
 .text.__malloc_lock
                0x00000000080030c8       0x10 /Applications/STM32CubeIDE.app/Contents/Eclipse/plugins/com.st.stm32cube.ide.mcu.externaltools.gnu-tools-for-stm32.10.3-2021.10.macos64_1.0.0.202111181127/tools/bin/../lib/gcc/arm-none-eabi/10.3.1/../../../../arm-none-eabi/lib/thumb/v6-m/nofp/libc_nano.a(lib_a-mlock.o)
                0x00000000080030c8                __malloc_lock
 .text.__malloc_unlock
                0x00000000080030d8       0x10 /Applications/STM32CubeIDE.app/Contents/Eclipse/plugins/com.st.stm32cube.ide.mcu.externaltools.gnu-tools-for-stm32.10.3-2021.10.macos64_1.0.0.202111181127/tools/bin/../lib/gcc/arm-none-eabi/10.3.1/../../../../arm-none-eabi/lib/thumb/v6-m/nofp/libc_nano.a(lib_a-mlock.o)
                0x00000000080030d8                __malloc_unlock
 .text._malloc_usable_size_r
                0x00000000080030e8       0x10 /Applications/STM32CubeIDE.app/Contents/Eclipse/plugins/com.st.stm32cube.ide.mcu.externaltools.gnu-tools-for-stm32.10.3-2021.10.macos64_1.0.0.202111181127/tools/bin/../lib/gcc/arm-none-eabi/10.3.1/../../../../arm-none-eabi/lib/thumb/v6-m/nofp/libc_nano.a(lib_a-nano-msizer.o)
                0x00000000080030e8                _malloc_usable_size_r
 .text.__retarget_lock_acquire_recursive
                0x00000000080030f8        0x2 /Applications/STM32CubeIDE.app/Contents/Eclipse/plugins/com.st.stm32cube.ide.mcu.externaltools.gnu-tools-for-stm32.10.3-2021.10.macos64_1.0.0.202111181127/tools/bin/../lib/gcc/arm-none-eabi/10.3.1/../../../../arm-none-eabi/lib/thumb/v6-m/nofp/libc_nano.a(lib_a-lock.o)
                0x00000000080030f8                __retarget_lock_acquire_recursive
 .text.__retarget_lock_release_recursive
                0x00000000080030fa        0x2 /Applications/STM32CubeIDE.app/Contents/Eclipse/plugins/com.st.stm32cube.ide.mcu.externaltools.gnu-tools-for-stm32.10.3-2021.10.macos64_1.0.0.202111181127/tools/bin/../lib/gcc/arm-none-eabi/10.3.1/../../../../arm-none-eabi/lib/thumb/v6-m/nofp/libc_nano.a(lib_a-lock.o)
                0x00000000080030fa                __retarget_lock_release_recursive
 *(.glue_7)
 .glue_7        0x00000000080030fc        0x0 linker stubs
 *(.glue_7t)
 .glue_7t       0x00000000080030fc        0x0 linker stubs
 *(.eh_frame)
 .eh_frame      0x00000000080030fc        0x0 /Applications/STM32CubeIDE.app/Contents/Eclipse/plugins/com.st.stm32cube.ide.mcu.externaltools.gnu-tools-for-stm32.10.3-2021.10.macos64_1.0.0.202111181127/tools/bin/../lib/gcc/arm-none-eabi/10.3.1/thumb/v6-m/nofp/crtbegin.o
 *(.init)
 .init          0x00000000080030fc        0x4 /Applications/STM32CubeIDE.app/Contents/Eclipse/plugins/com.st.stm32cube.ide.mcu.externaltools.gnu-tools-for-stm32.10.3-2021.10.macos64_1.0.0.202111181127/tools/bin/../lib/gcc/arm-none-eabi/10.3.1/thumb/v6-m/nofp/crti.o
                0x00000000080030fc                _init
 .init          0x0000000008003100        0x8 /Applications/STM32CubeIDE.app/Contents/Eclipse/plugins/com.st.stm32cube.ide.mcu.externaltools.gnu-tools-for-stm32.10.3-2021.10.macos64_1.0.0.202111181127/tools/bin/../lib/gcc/arm-none-eabi/10.3.1/thumb/v6-m/nofp/crtn.o
 *(.fini)
 .fini          0x0000000008003108        0x4 /Applications/STM32CubeIDE.app/Contents/Eclipse/plugins/com.st.stm32cube.ide.mcu.externaltools.gnu-tools-for-stm32.10.3-2021.10.macos64_1.0.0.202111181127/tools/bin/../lib/gcc/arm-none-eabi/10.3.1/thumb/v6-m/nofp/crti.o
                0x0000000008003108                _fini
 .fini          0x000000000800310c        0x8 /Applications/STM32CubeIDE.app/Contents/Eclipse/plugins/com.st.stm32cube.ide.mcu.externaltools.gnu-tools-for-stm32.10.3-2021.10.macos64_1.0.0.202111181127/tools/bin/../lib/gcc/arm-none-eabi/10.3.1/thumb/v6-m/nofp/crtn.o
                0x0000000008003114                . = ALIGN (0x4)
                0x0000000008003114                _etext = .

.vfp11_veneer   0x0000000008003114        0x0
 .vfp11_veneer  0x0000000008003114        0x0 linker stubs

.v4_bx          0x0000000008003114        0x0
 .v4_bx         0x0000000008003114        0x0 linker stubs

.iplt           0x0000000008003114        0x0
 .iplt          0x0000000008003114        0x0 /Applications/STM32CubeIDE.app/Contents/Eclipse/plugins/com.st.stm32cube.ide.mcu.externaltools.gnu-tools-for-stm32.10.3-2021.10.macos64_1.0.0.202111181127/tools/bin/../lib/gcc/arm-none-eabi/10.3.1/thumb/v6-m/nofp/crtbegin.o

.rodata         0x0000000008003114       0x84
                0x0000000008003114                . = ALIGN (0x4)
 *(.rodata)
 .rodata        0x0000000008003114        0xf ./Application/User/main.o
 *(.rodata*)
 *fill*         0x0000000008003123        0x1 
 .rodata.AHBPrescTable
                0x0000000008003124       0x40 ./Drivers/CMSIS/system_stm32g0xx.o
                0x0000000008003124                AHBPrescTable
 .rodata._svfprintf_r.str1.1
                0x0000000008003164       0x11 /Applications/STM32CubeIDE.app/Contents/Eclipse/plugins/com.st.stm32cube.ide.mcu.externaltools.gnu-tools-for-stm32.10.3-2021.10.macos64_1.0.0.202111181127/tools/bin/../lib/gcc/arm-none-eabi/10.3.1/../../../../arm-none-eabi/lib/thumb/v6-m/nofp/libc_nano.a(lib_a-nano-svfprintf.o)
 .rodata._printf_i.str1.1
                0x0000000008003175       0x22 /Applications/STM32CubeIDE.app/Contents/Eclipse/plugins/com.st.stm32cube.ide.mcu.externaltools.gnu-tools-for-stm32.10.3-2021.10.macos64_1.0.0.202111181127/tools/bin/../lib/gcc/arm-none-eabi/10.3.1/../../../../arm-none-eabi/lib/thumb/v6-m/nofp/libc_nano.a(lib_a-nano-vfprintf_i.o)
                0x0000000008003198                . = ALIGN (0x4)
 *fill*         0x0000000008003197        0x1 

.rel.dyn        0x0000000008003198        0x0
 .rel.iplt      0x0000000008003198        0x0 /Applications/STM32CubeIDE.app/Contents/Eclipse/plugins/com.st.stm32cube.ide.mcu.externaltools.gnu-tools-for-stm32.10.3-2021.10.macos64_1.0.0.202111181127/tools/bin/../lib/gcc/arm-none-eabi/10.3.1/thumb/v6-m/nofp/crtbegin.o

.ARM.extab      0x0000000008003198        0x0
                0x0000000008003198                . = ALIGN (0x4)
 *(.ARM.extab* .gnu.linkonce.armextab.*)
                0x0000000008003198                . = ALIGN (0x4)

.ARM            0x0000000008003198        0x0
                0x0000000008003198                . = ALIGN (0x4)
                0x0000000008003198                __exidx_start = .
 *(.ARM.exidx*)
                0x0000000008003198                __exidx_end = .
                0x0000000008003198                . = ALIGN (0x4)

.preinit_array  0x0000000008003198        0x0
                0x0000000008003198                . = ALIGN (0x4)
                0x0000000008003198                PROVIDE (__preinit_array_start = .)
 *(.preinit_array*)
                0x0000000008003198                PROVIDE (__preinit_array_end = .)
                0x0000000008003198                . = ALIGN (0x4)

.init_array     0x0000000008003198        0x4
                0x0000000008003198                . = ALIGN (0x4)
                0x0000000008003198                PROVIDE (__init_array_start = .)
 *(SORT_BY_NAME(.init_array.*))
 *(.init_array*)
 .init_array    0x0000000008003198        0x4 /Applications/STM32CubeIDE.app/Contents/Eclipse/plugins/com.st.stm32cube.ide.mcu.externaltools.gnu-tools-for-stm32.10.3-2021.10.macos64_1.0.0.202111181127/tools/bin/../lib/gcc/arm-none-eabi/10.3.1/thumb/v6-m/nofp/crtbegin.o
                0x000000000800319c                PROVIDE (__init_array_end = .)
                0x000000000800319c                . = ALIGN (0x4)

.fini_array     0x000000000800319c        0x4
                0x000000000800319c                . = ALIGN (0x4)
                [!provide]                        PROVIDE (__fini_array_start = .)
 *(SORT_BY_NAME(.fini_array.*))
 *(.fini_array*)
 .fini_array    0x000000000800319c        0x4 /Applications/STM32CubeIDE.app/Contents/Eclipse/plugins/com.st.stm32cube.ide.mcu.externaltools.gnu-tools-for-stm32.10.3-2021.10.macos64_1.0.0.202111181127/tools/bin/../lib/gcc/arm-none-eabi/10.3.1/thumb/v6-m/nofp/crtbegin.o
                [!provide]                        PROVIDE (__fini_array_end = .)
                0x00000000080031a0                . = ALIGN (0x4)
                0x00000000080031a0                _sidata = LOADADDR (.data)

.data           0x0000000020000000       0x8c load address 0x00000000080031a0
                0x0000000020000000                . = ALIGN (0x4)
                0x0000000020000000                _sdata = .
 *(.data)
 *(.data*)
 .data.GPIO_PORT
                0x0000000020000000        0x4 ./Application/User/gpio.o
                0x0000000020000000                GPIO_PORT
 .data.aShowTime
                0x0000000020000004       0x10 ./Application/User/main.o
                0x0000000020000004                aShowTime
 .data.RtcClockSource
                0x0000000020000014        0x4 ./Application/User/stm32g0xx_hal_msp.o
 .data.LED_PORT
                0x0000000020000018        0x4 ./Drivers/BSP/STM32G0xx_Nucleo/stm32g0xx_nucleo.o
                0x0000000020000018                LED_PORT
 .data.SystemCoreClock
                0x000000002000001c        0x4 ./Drivers/CMSIS/system_stm32g0xx.o
                0x000000002000001c                SystemCoreClock
 .data.uwTickPrio
                0x0000000020000020        0x4 ./Drivers/STM32G0xx_HAL_Driver/stm32g0xx_hal.o
                0x0000000020000020                uwTickPrio
 .data.uwTickFreq
                0x0000000020000024        0x1 ./Drivers/STM32G0xx_HAL_Driver/stm32g0xx_hal.o
                0x0000000020000024                uwTickFreq
 *fill*         0x0000000020000025        0x3 
 .data._impure_ptr
                0x0000000020000028        0x4 /Applications/STM32CubeIDE.app/Contents/Eclipse/plugins/com.st.stm32cube.ide.mcu.externaltools.gnu-tools-for-stm32.10.3-2021.10.macos64_1.0.0.202111181127/tools/bin/../lib/gcc/arm-none-eabi/10.3.1/../../../../arm-none-eabi/lib/thumb/v6-m/nofp/libc_nano.a(lib_a-impure.o)
                0x0000000020000028                _impure_ptr
 .data.impure_data
                0x000000002000002c       0x60 /Applications/STM32CubeIDE.app/Contents/Eclipse/plugins/com.st.stm32cube.ide.mcu.externaltools.gnu-tools-for-stm32.10.3-2021.10.macos64_1.0.0.202111181127/tools/bin/../lib/gcc/arm-none-eabi/10.3.1/../../../../arm-none-eabi/lib/thumb/v6-m/nofp/libc_nano.a(lib_a-impure.o)
                0x000000002000008c                . = ALIGN (0x4)
                0x000000002000008c                _edata = .

.igot.plt       0x000000002000008c        0x0 load address 0x000000000800322c
 .igot.plt      0x000000002000008c        0x0 /Applications/STM32CubeIDE.app/Contents/Eclipse/plugins/com.st.stm32cube.ide.mcu.externaltools.gnu-tools-for-stm32.10.3-2021.10.macos64_1.0.0.202111181127/tools/bin/../lib/gcc/arm-none-eabi/10.3.1/thumb/v6-m/nofp/crtbegin.o
                0x000000002000008c                . = ALIGN (0x4)

.bss            0x000000002000008c       0x8c load address 0x000000000800322c
                0x000000002000008c                _sbss = .
                0x000000002000008c                __bss_start__ = _sbss
 *(.bss)
 .bss           0x000000002000008c       0x1c /Applications/STM32CubeIDE.app/Contents/Eclipse/plugins/com.st.stm32cube.ide.mcu.externaltools.gnu-tools-for-stm32.10.3-2021.10.macos64_1.0.0.202111181127/tools/bin/../lib/gcc/arm-none-eabi/10.3.1/thumb/v6-m/nofp/crtbegin.o
 *(.bss*)
 .bss.hrtc      0x00000000200000a8       0x2c ./Application/User/main.o
                0x00000000200000a8                hrtc
 .bss.RTCStatus
                0x00000000200000d4        0x4 ./Application/User/main.o
                0x00000000200000d4                RTCStatus
 .bss.sAlarm    0x00000000200000d8       0x28 ./Application/User/main.o
                0x00000000200000d8                sAlarm
 .bss.__sbrk_heap_end
                0x0000000020000100        0x4 ./Application/User/sysmem.o
 .bss.uwTick    0x0000000020000104        0x4 ./Drivers/STM32G0xx_HAL_Driver/stm32g0xx_hal.o
                0x0000000020000104                uwTick
 .bss.__malloc_free_list
                0x0000000020000108        0x4 /Applications/STM32CubeIDE.app/Contents/Eclipse/plugins/com.st.stm32cube.ide.mcu.externaltools.gnu-tools-for-stm32.10.3-2021.10.macos64_1.0.0.202111181127/tools/bin/../lib/gcc/arm-none-eabi/10.3.1/../../../../arm-none-eabi/lib/thumb/v6-m/nofp/libc_nano.a(lib_a-nano-mallocr.o)
                0x0000000020000108                __malloc_free_list
 .bss.__malloc_sbrk_start
                0x000000002000010c        0x4 /Applications/STM32CubeIDE.app/Contents/Eclipse/plugins/com.st.stm32cube.ide.mcu.externaltools.gnu-tools-for-stm32.10.3-2021.10.macos64_1.0.0.202111181127/tools/bin/../lib/gcc/arm-none-eabi/10.3.1/../../../../arm-none-eabi/lib/thumb/v6-m/nofp/libc_nano.a(lib_a-nano-mallocr.o)
                0x000000002000010c                __malloc_sbrk_start
 .bss.errno     0x0000000020000110        0x4 /Applications/STM32CubeIDE.app/Contents/Eclipse/plugins/com.st.stm32cube.ide.mcu.externaltools.gnu-tools-for-stm32.10.3-2021.10.macos64_1.0.0.202111181127/tools/bin/../lib/gcc/arm-none-eabi/10.3.1/../../../../arm-none-eabi/lib/thumb/v6-m/nofp/libc_nano.a(lib_a-reent.o)
                0x0000000020000110                errno
 .bss.__lock___malloc_recursive_mutex
                0x0000000020000114        0x1 /Applications/STM32CubeIDE.app/Contents/Eclipse/plugins/com.st.stm32cube.ide.mcu.externaltools.gnu-tools-for-stm32.10.3-2021.10.macos64_1.0.0.202111181127/tools/bin/../lib/gcc/arm-none-eabi/10.3.1/../../../../arm-none-eabi/lib/thumb/v6-m/nofp/libc_nano.a(lib_a-lock.o)
                0x0000000020000114                __lock___malloc_recursive_mutex
 *(COMMON)
                0x0000000020000118                . = ALIGN (0x4)
 *fill*         0x0000000020000115        0x3 
                0x0000000020000118                _ebss = .
                0x0000000020000118                __bss_end__ = _ebss

._user_heap_stack
                0x0000000020000118      0x600 load address 0x000000000800322c
                0x0000000020000118                . = ALIGN (0x8)
                [!provide]                        PROVIDE (end = .)
                0x0000000020000118                PROVIDE (_end = .)
                0x0000000020000318                . = (. + _Min_Heap_Size)
 *fill*         0x0000000020000118      0x200 
                0x0000000020000718                . = (. + _Min_Stack_Size)
 *fill*         0x0000000020000318      0x400 
                0x0000000020000718                . = ALIGN (0x8)

/DISCARD/
 libc.a(*)
 libm.a(*)
 libgcc.a(*)

.ARM.attributes
                0x0000000000000000       0x28
 *(.ARM.attributes)
 .ARM.attributes
                0x0000000000000000       0x1e /Applications/STM32CubeIDE.app/Contents/Eclipse/plugins/com.st.stm32cube.ide.mcu.externaltools.gnu-tools-for-stm32.10.3-2021.10.macos64_1.0.0.202111181127/tools/bin/../lib/gcc/arm-none-eabi/10.3.1/thumb/v6-m/nofp/crti.o
 .ARM.attributes
                0x000000000000001e       0x2c /Applications/STM32CubeIDE.app/Contents/Eclipse/plugins/com.st.stm32cube.ide.mcu.externaltools.gnu-tools-for-stm32.10.3-2021.10.macos64_1.0.0.202111181127/tools/bin/../lib/gcc/arm-none-eabi/10.3.1/thumb/v6-m/nofp/crtbegin.o
 .ARM.attributes
                0x000000000000004a       0x22 ./Application/Startup/startup_stm32g071rbtx.o
 .ARM.attributes
                0x000000000000006c       0x2c ./Application/User/gpio.o
 .ARM.attributes
                0x0000000000000098       0x2c ./Application/User/main.o
 .ARM.attributes
                0x00000000000000c4       0x2c ./Application/User/stm32g0xx_hal_msp.o
 .ARM.attributes
                0x00000000000000f0       0x2c ./Application/User/stm32g0xx_it.o
 .ARM.attributes
                0x000000000000011c       0x2c ./Application/User/sysmem.o
 .ARM.attributes
                0x0000000000000148       0x2c ./Drivers/BSP/STM32G0xx_Nucleo/stm32g0xx_nucleo.o
 .ARM.attributes
                0x0000000000000174       0x2c ./Drivers/CMSIS/system_stm32g0xx.o
 .ARM.attributes
                0x00000000000001a0       0x2c ./Drivers/STM32G0xx_HAL_Driver/stm32g0xx_hal.o
 .ARM.attributes
                0x00000000000001cc       0x2c ./Drivers/STM32G0xx_HAL_Driver/stm32g0xx_hal_cortex.o
 .ARM.attributes
                0x00000000000001f8       0x2c ./Drivers/STM32G0xx_HAL_Driver/stm32g0xx_hal_gpio.o
 .ARM.attributes
                0x0000000000000224       0x2c ./Drivers/STM32G0xx_HAL_Driver/stm32g0xx_hal_pwr.o
 .ARM.attributes
                0x0000000000000250       0x2c ./Drivers/STM32G0xx_HAL_Driver/stm32g0xx_hal_rcc.o
 .ARM.attributes
                0x000000000000027c       0x2c ./Drivers/STM32G0xx_HAL_Driver/stm32g0xx_hal_rcc_ex.o
 .ARM.attributes
                0x00000000000002a8       0x2c ./Drivers/STM32G0xx_HAL_Driver/stm32g0xx_hal_rtc.o
 .ARM.attributes
                0x00000000000002d4       0x2c ./Drivers/STM32G0xx_HAL_Driver/stm32g0xx_hal_rtc_ex.o
 .ARM.attributes
                0x0000000000000300       0x2c /Applications/STM32CubeIDE.app/Contents/Eclipse/plugins/com.st.stm32cube.ide.mcu.externaltools.gnu-tools-for-stm32.10.3-2021.10.macos64_1.0.0.202111181127/tools/bin/../lib/gcc/arm-none-eabi/10.3.1/../../../../arm-none-eabi/lib/thumb/v6-m/nofp/libc_nano.a(lib_a-errno.o)
 .ARM.attributes
                0x000000000000032c       0x2c /Applications/STM32CubeIDE.app/Contents/Eclipse/plugins/com.st.stm32cube.ide.mcu.externaltools.gnu-tools-for-stm32.10.3-2021.10.macos64_1.0.0.202111181127/tools/bin/../lib/gcc/arm-none-eabi/10.3.1/../../../../arm-none-eabi/lib/thumb/v6-m/nofp/libc_nano.a(lib_a-impure.o)
 .ARM.attributes
                0x0000000000000358       0x2c /Applications/STM32CubeIDE.app/Contents/Eclipse/plugins/com.st.stm32cube.ide.mcu.externaltools.gnu-tools-for-stm32.10.3-2021.10.macos64_1.0.0.202111181127/tools/bin/../lib/gcc/arm-none-eabi/10.3.1/../../../../arm-none-eabi/lib/thumb/v6-m/nofp/libc_nano.a(lib_a-init.o)
 .ARM.attributes
                0x0000000000000384       0x2c /Applications/STM32CubeIDE.app/Contents/Eclipse/plugins/com.st.stm32cube.ide.mcu.externaltools.gnu-tools-for-stm32.10.3-2021.10.macos64_1.0.0.202111181127/tools/bin/../lib/gcc/arm-none-eabi/10.3.1/../../../../arm-none-eabi/lib/thumb/v6-m/nofp/libc_nano.a(lib_a-memset.o)
 .ARM.attributes
                0x00000000000003b0       0x2c /Applications/STM32CubeIDE.app/Contents/Eclipse/plugins/com.st.stm32cube.ide.mcu.externaltools.gnu-tools-for-stm32.10.3-2021.10.macos64_1.0.0.202111181127/tools/bin/../lib/gcc/arm-none-eabi/10.3.1/../../../../arm-none-eabi/lib/thumb/v6-m/nofp/libc_nano.a(lib_a-sprintf.o)
 .ARM.attributes
                0x00000000000003dc       0x2c /Applications/STM32CubeIDE.app/Contents/Eclipse/plugins/com.st.stm32cube.ide.mcu.externaltools.gnu-tools-for-stm32.10.3-2021.10.macos64_1.0.0.202111181127/tools/bin/../lib/gcc/arm-none-eabi/10.3.1/../../../../arm-none-eabi/lib/thumb/v6-m/nofp/libc_nano.a(lib_a-nano-svfprintf.o)
 .ARM.attributes
                0x0000000000000408       0x2c /Applications/STM32CubeIDE.app/Contents/Eclipse/plugins/com.st.stm32cube.ide.mcu.externaltools.gnu-tools-for-stm32.10.3-2021.10.macos64_1.0.0.202111181127/tools/bin/../lib/gcc/arm-none-eabi/10.3.1/../../../../arm-none-eabi/lib/thumb/v6-m/nofp/libc_nano.a(lib_a-nano-vfprintf_i.o)
 .ARM.attributes
                0x0000000000000434       0x2c /Applications/STM32CubeIDE.app/Contents/Eclipse/plugins/com.st.stm32cube.ide.mcu.externaltools.gnu-tools-for-stm32.10.3-2021.10.macos64_1.0.0.202111181127/tools/bin/../lib/gcc/arm-none-eabi/10.3.1/../../../../arm-none-eabi/lib/thumb/v6-m/nofp/libc_nano.a(lib_a-memchr-stub.o)
 .ARM.attributes
                0x0000000000000460       0x2c /Applications/STM32CubeIDE.app/Contents/Eclipse/plugins/com.st.stm32cube.ide.mcu.externaltools.gnu-tools-for-stm32.10.3-2021.10.macos64_1.0.0.202111181127/tools/bin/../lib/gcc/arm-none-eabi/10.3.1/../../../../arm-none-eabi/lib/thumb/v6-m/nofp/libc_nano.a(lib_a-memcpy-stub.o)
 .ARM.attributes
                0x000000000000048c       0x2c /Applications/STM32CubeIDE.app/Contents/Eclipse/plugins/com.st.stm32cube.ide.mcu.externaltools.gnu-tools-for-stm32.10.3-2021.10.macos64_1.0.0.202111181127/tools/bin/../lib/gcc/arm-none-eabi/10.3.1/../../../../arm-none-eabi/lib/thumb/v6-m/nofp/libc_nano.a(lib_a-memmove.o)
 .ARM.attributes
                0x00000000000004b8       0x2c /Applications/STM32CubeIDE.app/Contents/Eclipse/plugins/com.st.stm32cube.ide.mcu.externaltools.gnu-tools-for-stm32.10.3-2021.10.macos64_1.0.0.202111181127/tools/bin/../lib/gcc/arm-none-eabi/10.3.1/../../../../arm-none-eabi/lib/thumb/v6-m/nofp/libc_nano.a(lib_a-nano-freer.o)
 .ARM.attributes
                0x00000000000004e4       0x2c /Applications/STM32CubeIDE.app/Contents/Eclipse/plugins/com.st.stm32cube.ide.mcu.externaltools.gnu-tools-for-stm32.10.3-2021.10.macos64_1.0.0.202111181127/tools/bin/../lib/gcc/arm-none-eabi/10.3.1/../../../../arm-none-eabi/lib/thumb/v6-m/nofp/libc_nano.a(lib_a-nano-mallocr.o)
 .ARM.attributes
                0x0000000000000510       0x2c /Applications/STM32CubeIDE.app/Contents/Eclipse/plugins/com.st.stm32cube.ide.mcu.externaltools.gnu-tools-for-stm32.10.3-2021.10.macos64_1.0.0.202111181127/tools/bin/../lib/gcc/arm-none-eabi/10.3.1/../../../../arm-none-eabi/lib/thumb/v6-m/nofp/libc_nano.a(lib_a-nano-reallocr.o)
 .ARM.attributes
                0x000000000000053c       0x2c /Applications/STM32CubeIDE.app/Contents/Eclipse/plugins/com.st.stm32cube.ide.mcu.externaltools.gnu-tools-for-stm32.10.3-2021.10.macos64_1.0.0.202111181127/tools/bin/../lib/gcc/arm-none-eabi/10.3.1/../../../../arm-none-eabi/lib/thumb/v6-m/nofp/libc_nano.a(lib_a-sbrkr.o)
 .ARM.attributes
                0x0000000000000568       0x2c /Applications/STM32CubeIDE.app/Contents/Eclipse/plugins/com.st.stm32cube.ide.mcu.externaltools.gnu-tools-for-stm32.10.3-2021.10.macos64_1.0.0.202111181127/tools/bin/../lib/gcc/arm-none-eabi/10.3.1/../../../../arm-none-eabi/lib/thumb/v6-m/nofp/libc_nano.a(lib_a-mlock.o)
 .ARM.attributes
                0x0000000000000594       0x2c /Applications/STM32CubeIDE.app/Contents/Eclipse/plugins/com.st.stm32cube.ide.mcu.externaltools.gnu-tools-for-stm32.10.3-2021.10.macos64_1.0.0.202111181127/tools/bin/../lib/gcc/arm-none-eabi/10.3.1/../../../../arm-none-eabi/lib/thumb/v6-m/nofp/libc_nano.a(lib_a-nano-msizer.o)
 .ARM.attributes
                0x00000000000005c0       0x2c /Applications/STM32CubeIDE.app/Contents/Eclipse/plugins/com.st.stm32cube.ide.mcu.externaltools.gnu-tools-for-stm32.10.3-2021.10.macos64_1.0.0.202111181127/tools/bin/../lib/gcc/arm-none-eabi/10.3.1/../../../../arm-none-eabi/lib/thumb/v6-m/nofp/libc_nano.a(lib_a-reent.o)
 .ARM.attributes
                0x00000000000005ec       0x2c /Applications/STM32CubeIDE.app/Contents/Eclipse/plugins/com.st.stm32cube.ide.mcu.externaltools.gnu-tools-for-stm32.10.3-2021.10.macos64_1.0.0.202111181127/tools/bin/../lib/gcc/arm-none-eabi/10.3.1/../../../../arm-none-eabi/lib/thumb/v6-m/nofp/libc_nano.a(lib_a-lock.o)
 .ARM.attributes
                0x0000000000000618       0x1e /Applications/STM32CubeIDE.app/Contents/Eclipse/plugins/com.st.stm32cube.ide.mcu.externaltools.gnu-tools-for-stm32.10.3-2021.10.macos64_1.0.0.202111181127/tools/bin/../lib/gcc/arm-none-eabi/10.3.1/thumb/v6-m/nofp/libgcc.a(_thumb1_case_shi.o)
 .ARM.attributes
                0x0000000000000636       0x1e /Applications/STM32CubeIDE.app/Contents/Eclipse/plugins/com.st.stm32cube.ide.mcu.externaltools.gnu-tools-for-stm32.10.3-2021.10.macos64_1.0.0.202111181127/tools/bin/../lib/gcc/arm-none-eabi/10.3.1/thumb/v6-m/nofp/libgcc.a(_udivsi3.o)
 .ARM.attributes
                0x0000000000000654       0x1e /Applications/STM32CubeIDE.app/Contents/Eclipse/plugins/com.st.stm32cube.ide.mcu.externaltools.gnu-tools-for-stm32.10.3-2021.10.macos64_1.0.0.202111181127/tools/bin/../lib/gcc/arm-none-eabi/10.3.1/thumb/v6-m/nofp/libgcc.a(_dvmd_tls.o)
 .ARM.attributes
                0x0000000000000672       0x1e /Applications/STM32CubeIDE.app/Contents/Eclipse/plugins/com.st.stm32cube.ide.mcu.externaltools.gnu-tools-for-stm32.10.3-2021.10.macos64_1.0.0.202111181127/tools/bin/../lib/gcc/arm-none-eabi/10.3.1/thumb/v6-m/nofp/crtn.o
OUTPUT(RTC_Alarm.elf elf32-littlearm)
LOAD linker stubs
LOAD /Applications/STM32CubeIDE.app/Contents/Eclipse/plugins/com.st.stm32cube.ide.mcu.externaltools.gnu-tools-for-stm32.10.3-2021.10.macos64_1.0.0.202111181127/tools/bin/../lib/gcc/arm-none-eabi/10.3.1/../../../../arm-none-eabi/lib/thumb/v6-m/nofp/libc.a
LOAD /Applications/STM32CubeIDE.app/Contents/Eclipse/plugins/com.st.stm32cube.ide.mcu.externaltools.gnu-tools-for-stm32.10.3-2021.10.macos64_1.0.0.202111181127/tools/bin/../lib/gcc/arm-none-eabi/10.3.1/../../../../arm-none-eabi/lib/thumb/v6-m/nofp/libm.a
LOAD /Applications/STM32CubeIDE.app/Contents/Eclipse/plugins/com.st.stm32cube.ide.mcu.externaltools.gnu-tools-for-stm32.10.3-2021.10.macos64_1.0.0.202111181127/tools/bin/../lib/gcc/arm-none-eabi/10.3.1/thumb/v6-m/nofp/libgcc.a

.debug_line     0x0000000000000000     0xabe3
 .debug_line    0x0000000000000000       0x90 ./Application/Startup/startup_stm32g071rbtx.o
 .debug_line    0x0000000000000090      0x9df ./Application/User/gpio.o
 .debug_line    0x0000000000000a6f      0xaf6 ./Application/User/main.o
 .debug_line    0x0000000000001565      0xa00 ./Application/User/stm32g0xx_hal_msp.o
 .debug_line    0x0000000000001f65      0x9b8 ./Application/User/stm32g0xx_it.o
 .debug_line    0x000000000000291d      0x529 ./Application/User/sysmem.o
 .debug_line    0x0000000000002e46      0x889 ./Drivers/BSP/STM32G0xx_Nucleo/stm32g0xx_nucleo.o
 .debug_line    0x00000000000036cf      0x7be ./Drivers/CMSIS/system_stm32g0xx.o
 .debug_line    0x0000000000003e8d      0xaf3 ./Drivers/STM32G0xx_HAL_Driver/stm32g0xx_hal.o
 .debug_line    0x0000000000004980      0xb74 ./Drivers/STM32G0xx_HAL_Driver/stm32g0xx_hal_cortex.o
 .debug_line    0x00000000000054f4      0xb60 ./Drivers/STM32G0xx_HAL_Driver/stm32g0xx_hal_gpio.o
 .debug_line    0x0000000000006054      0x8a5 ./Drivers/STM32G0xx_HAL_Driver/stm32g0xx_hal_pwr.o
 .debug_line    0x00000000000068f9      0xf1e ./Drivers/STM32G0xx_HAL_Driver/stm32g0xx_hal_rcc.o
 .debug_line    0x0000000000007817      0xd2f ./Drivers/STM32G0xx_HAL_Driver/stm32g0xx_hal_rcc_ex.o
 .debug_line    0x0000000000008546     0x115e ./Drivers/STM32G0xx_HAL_Driver/stm32g0xx_hal_rtc.o
 .debug_line    0x00000000000096a4     0x153f ./Drivers/STM32G0xx_HAL_Driver/stm32g0xx_hal_rtc_ex.o

.debug_info     0x0000000000000000     0x7f81
 .debug_info    0x0000000000000000       0x22 ./Application/Startup/startup_stm32g071rbtx.o
 .debug_info    0x0000000000000022      0x593 ./Application/User/gpio.o
 .debug_info    0x00000000000005b5      0xa13 ./Application/User/main.o
 .debug_info    0x0000000000000fc8      0x9aa ./Application/User/stm32g0xx_hal_msp.o
 .debug_info    0x0000000000001972      0x406 ./Application/User/stm32g0xx_it.o
 .debug_info    0x0000000000001d78      0x171 ./Application/User/sysmem.o
 .debug_info    0x0000000000001ee9      0x850 ./Drivers/BSP/STM32G0xx_Nucleo/stm32g0xx_nucleo.o
 .debug_info    0x0000000000002739      0x3fd ./Drivers/CMSIS/system_stm32g0xx.o
 .debug_info    0x0000000000002b36      0xa85 ./Drivers/STM32G0xx_HAL_Driver/stm32g0xx_hal.o
 .debug_info    0x00000000000035bb      0x90d ./Drivers/STM32G0xx_HAL_Driver/stm32g0xx_hal_cortex.o
 .debug_info    0x0000000000003ec8      0x61f ./Drivers/STM32G0xx_HAL_Driver/stm32g0xx_hal_gpio.o
 .debug_info    0x00000000000044e7      0x5cb ./Drivers/STM32G0xx_HAL_Driver/stm32g0xx_hal_pwr.o
 .debug_info    0x0000000000004ab2      0xb6a ./Drivers/STM32G0xx_HAL_Driver/stm32g0xx_hal_rcc.o
 .debug_info    0x000000000000561c      0x82b ./Drivers/STM32G0xx_HAL_Driver/stm32g0xx_hal_rcc_ex.o
 .debug_info    0x0000000000005e47      0xd88 ./Drivers/STM32G0xx_HAL_Driver/stm32g0xx_hal_rtc.o
 .debug_info    0x0000000000006bcf     0x13b2 ./Drivers/STM32G0xx_HAL_Driver/stm32g0xx_hal_rtc_ex.o

.debug_abbrev   0x0000000000000000     0x1c76
 .debug_abbrev  0x0000000000000000       0x12 ./Application/Startup/startup_stm32g071rbtx.o
 .debug_abbrev  0x0000000000000012      0x18b ./Application/User/gpio.o
 .debug_abbrev  0x000000000000019d      0x25c ./Application/User/main.o
 .debug_abbrev  0x00000000000003f9      0x1c4 ./Application/User/stm32g0xx_hal_msp.o
 .debug_abbrev  0x00000000000005bd      0x168 ./Application/User/stm32g0xx_it.o
 .debug_abbrev  0x0000000000000725       0xbb ./Application/User/sysmem.o
 .debug_abbrev  0x00000000000007e0      0x226 ./Drivers/BSP/STM32G0xx_Nucleo/stm32g0xx_nucleo.o
 .debug_abbrev  0x0000000000000a06      0x116 ./Drivers/CMSIS/system_stm32g0xx.o
 .debug_abbrev  0x0000000000000b1c      0x2a9 ./Drivers/STM32G0xx_HAL_Driver/stm32g0xx_hal.o
 .debug_abbrev  0x0000000000000dc5      0x29f ./Drivers/STM32G0xx_HAL_Driver/stm32g0xx_hal_cortex.o
 .debug_abbrev  0x0000000000001064      0x1b9 ./Drivers/STM32G0xx_HAL_Driver/stm32g0xx_hal_gpio.o
 .debug_abbrev  0x000000000000121d      0x16e ./Drivers/STM32G0xx_HAL_Driver/stm32g0xx_hal_pwr.o
 .debug_abbrev  0x000000000000138b      0x2a3 ./Drivers/STM32G0xx_HAL_Driver/stm32g0xx_hal_rcc.o
 .debug_abbrev  0x000000000000162e      0x21a ./Drivers/STM32G0xx_HAL_Driver/stm32g0xx_hal_rcc_ex.o
 .debug_abbrev  0x0000000000001848      0x1f7 ./Drivers/STM32G0xx_HAL_Driver/stm32g0xx_hal_rtc.o
 .debug_abbrev  0x0000000000001a3f      0x237 ./Drivers/STM32G0xx_HAL_Driver/stm32g0xx_hal_rtc_ex.o

.debug_aranges  0x0000000000000000      0x7d0
 .debug_aranges
                0x0000000000000000       0x28 ./Application/Startup/startup_stm32g071rbtx.o
 .debug_aranges
                0x0000000000000028       0x40 ./Application/User/gpio.o
 .debug_aranges
                0x0000000000000068       0x50 ./Application/User/main.o
 .debug_aranges
                0x00000000000000b8       0x30 ./Application/User/stm32g0xx_hal_msp.o
 .debug_aranges
                0x00000000000000e8       0x38 ./Application/User/stm32g0xx_it.o
 .debug_aranges
                0x0000000000000120       0x20 ./Application/User/sysmem.o
 .debug_aranges
                0x0000000000000140       0x60 ./Drivers/BSP/STM32G0xx_Nucleo/stm32g0xx_nucleo.o
 .debug_aranges
                0x00000000000001a0       0x28 ./Drivers/CMSIS/system_stm32g0xx.o
 .debug_aranges
                0x00000000000001c8      0x120 ./Drivers/STM32G0xx_HAL_Driver/stm32g0xx_hal.o
 .debug_aranges
                0x00000000000002e8       0xd8 ./Drivers/STM32G0xx_HAL_Driver/stm32g0xx_hal_cortex.o
 .debug_aranges
                0x00000000000003c0       0x60 ./Drivers/STM32G0xx_HAL_Driver/stm32g0xx_hal_gpio.o
 .debug_aranges
                0x0000000000000420       0x78 ./Drivers/STM32G0xx_HAL_Driver/stm32g0xx_hal_pwr.o
 .debug_aranges
                0x0000000000000498       0xa0 ./Drivers/STM32G0xx_HAL_Driver/stm32g0xx_hal_rcc.o
 .debug_aranges
                0x0000000000000538       0x40 ./Drivers/STM32G0xx_HAL_Driver/stm32g0xx_hal_rcc_ex.o
 .debug_aranges
                0x0000000000000578       0xe8 ./Drivers/STM32G0xx_HAL_Driver/stm32g0xx_hal_rtc.o
 .debug_aranges
                0x0000000000000660      0x170 ./Drivers/STM32G0xx_HAL_Driver/stm32g0xx_hal_rtc_ex.o

.debug_str      0x0000000000000000    0x97b43
 .debug_str     0x0000000000000000       0x9c ./Application/Startup/startup_stm32g071rbtx.o
 .debug_str     0x000000000000009c    0x94c1f ./Application/User/gpio.o
                                      0x951b9 (size before relaxing)
 .debug_str     0x0000000000094cbb      0x5fe ./Application/User/main.o
                                      0x955cc (size before relaxing)
 .debug_str     0x00000000000952b9      0x453 ./Application/User/stm32g0xx_hal_msp.o
                                      0x9561a (size before relaxing)
 .debug_str     0x000000000009570c       0xd7 ./Application/User/stm32g0xx_it.o
                                      0x950ca (size before relaxing)
 .debug_str     0x00000000000957e3      0x4e2 ./Application/User/sysmem.o
                                       0x5cd7 (size before relaxing)
 .debug_str     0x0000000000095cc5      0x315 ./Drivers/BSP/STM32G0xx_Nucleo/stm32g0xx_nucleo.o
                                      0x917fa (size before relaxing)
 .debug_str     0x0000000000095fda      0x107 ./Drivers/CMSIS/system_stm32g0xx.o
                                      0x906ed (size before relaxing)
 .debug_str     0x00000000000960e1      0x594 ./Drivers/STM32G0xx_HAL_Driver/stm32g0xx_hal.o
                                      0x90eb5 (size before relaxing)
 .debug_str     0x0000000000096675      0x28f ./Drivers/STM32G0xx_HAL_Driver/stm32g0xx_hal_cortex.o
                                      0x90b47 (size before relaxing)
 .debug_str     0x0000000000096904      0x17b ./Drivers/STM32G0xx_HAL_Driver/stm32g0xx_hal_gpio.o
                                      0x90801 (size before relaxing)
 .debug_str     0x0000000000096a7f      0x24c ./Drivers/STM32G0xx_HAL_Driver/stm32g0xx_hal_pwr.o
                                      0x908ad (size before relaxing)
 .debug_str     0x0000000000096ccb      0x3b0 ./Drivers/STM32G0xx_HAL_Driver/stm32g0xx_hal_rcc.o
                                      0x90cdb (size before relaxing)
 .debug_str     0x000000000009707b      0x18c ./Drivers/STM32G0xx_HAL_Driver/stm32g0xx_hal_rcc_ex.o
                                      0x90a82 (size before relaxing)
 .debug_str     0x0000000000097207      0x224 ./Drivers/STM32G0xx_HAL_Driver/stm32g0xx_hal_rtc.o
                                      0x90baa (size before relaxing)
 .debug_str     0x000000000009742b      0x718 ./Drivers/STM32G0xx_HAL_Driver/stm32g0xx_hal_rtc_ex.o
                                      0x90ff7 (size before relaxing)

.debug_ranges   0x0000000000000000      0x6d8
 .debug_ranges  0x0000000000000000       0x20 ./Application/Startup/startup_stm32g071rbtx.o
 .debug_ranges  0x0000000000000020       0x30 ./Application/User/gpio.o
 .debug_ranges  0x0000000000000050       0x40 ./Application/User/main.o
 .debug_ranges  0x0000000000000090       0x20 ./Application/User/stm32g0xx_hal_msp.o
 .debug_ranges  0x00000000000000b0       0x28 ./Application/User/stm32g0xx_it.o
 .debug_ranges  0x00000000000000d8       0x10 ./Application/User/sysmem.o
 .debug_ranges  0x00000000000000e8       0x50 ./Drivers/BSP/STM32G0xx_Nucleo/stm32g0xx_nucleo.o
 .debug_ranges  0x0000000000000138       0x18 ./Drivers/CMSIS/system_stm32g0xx.o
 .debug_ranges  0x0000000000000150      0x110 ./Drivers/STM32G0xx_HAL_Driver/stm32g0xx_hal.o
 .debug_ranges  0x0000000000000260       0xc8 ./Drivers/STM32G0xx_HAL_Driver/stm32g0xx_hal_cortex.o
 .debug_ranges  0x0000000000000328       0x50 ./Drivers/STM32G0xx_HAL_Driver/stm32g0xx_hal_gpio.o
 .debug_ranges  0x0000000000000378       0x68 ./Drivers/STM32G0xx_HAL_Driver/stm32g0xx_hal_pwr.o
 .debug_ranges  0x00000000000003e0       0x90 ./Drivers/STM32G0xx_HAL_Driver/stm32g0xx_hal_rcc.o
 .debug_ranges  0x0000000000000470       0x30 ./Drivers/STM32G0xx_HAL_Driver/stm32g0xx_hal_rcc_ex.o
 .debug_ranges  0x00000000000004a0       0xd8 ./Drivers/STM32G0xx_HAL_Driver/stm32g0xx_hal_rtc.o
 .debug_ranges  0x0000000000000578      0x160 ./Drivers/STM32G0xx_HAL_Driver/stm32g0xx_hal_rtc_ex.o

.debug_macro    0x0000000000000000    0x188a4
 .debug_macro   0x0000000000000000      0x347 ./Application/User/gpio.o
 .debug_macro   0x0000000000000347      0xa4e ./Application/User/gpio.o
 .debug_macro   0x0000000000000d95      0x117 ./Application/User/gpio.o
 .debug_macro   0x0000000000000eac       0x2e ./Application/User/gpio.o
 .debug_macro   0x0000000000000eda       0x28 ./Application/User/gpio.o
 .debug_macro   0x0000000000000f02       0x22 ./Application/User/gpio.o
 .debug_macro   0x0000000000000f24       0x8e ./Application/User/gpio.o
 .debug_macro   0x0000000000000fb2       0x51 ./Application/User/gpio.o
 .debug_macro   0x0000000000001003      0x103 ./Application/User/gpio.o
 .debug_macro   0x0000000000001106       0x6a ./Application/User/gpio.o
 .debug_macro   0x0000000000001170      0x1df ./Application/User/gpio.o
 .debug_macro   0x000000000000134f       0x1c ./Application/User/gpio.o
 .debug_macro   0x000000000000136b       0x22 ./Application/User/gpio.o
 .debug_macro   0x000000000000138d       0xd1 ./Application/User/gpio.o
 .debug_macro   0x000000000000145e      0x4da ./Application/User/gpio.o
 .debug_macro   0x0000000000001938      0x11f ./Application/User/gpio.o
 .debug_macro   0x0000000000001a57     0xc730 ./Application/User/gpio.o
 .debug_macro   0x000000000000e187       0x66 ./Application/User/gpio.o
 .debug_macro   0x000000000000e1ed     0x34fd ./Application/User/gpio.o
 .debug_macro   0x00000000000116ea      0x174 ./Application/User/gpio.o
 .debug_macro   0x000000000001185e       0x5c ./Application/User/gpio.o
 .debug_macro   0x00000000000118ba      0x56c ./Application/User/gpio.o
 .debug_macro   0x0000000000011e26     0x10d5 ./Application/User/gpio.o
 .debug_macro   0x0000000000012efb      0x264 ./Application/User/gpio.o
 .debug_macro   0x000000000001315f      0x1cf ./Application/User/gpio.o
 .debug_macro   0x000000000001332e      0x1d8 ./Application/User/gpio.o
 .debug_macro   0x0000000000013506      0x426 ./Application/User/gpio.o
 .debug_macro   0x000000000001392c      0x280 ./Application/User/gpio.o
 .debug_macro   0x0000000000013bac      0x3a7 ./Application/User/gpio.o
 .debug_macro   0x0000000000013f53      0x1b2 ./Application/User/gpio.o
 .debug_macro   0x0000000000014105       0x43 ./Application/User/gpio.o
 .debug_macro   0x0000000000014148      0x1f1 ./Application/User/gpio.o
 .debug_macro   0x0000000000014339      0x1d6 ./Application/User/gpio.o
 .debug_macro   0x000000000001450f      0x38a ./Application/User/gpio.o
 .debug_macro   0x0000000000014899       0x28 ./Application/User/gpio.o
 .debug_macro   0x00000000000148c1       0xe4 ./Application/User/gpio.o
 .debug_macro   0x00000000000149a5      0x125 ./Application/User/gpio.o
 .debug_macro   0x0000000000014aca      0x240 ./Application/User/gpio.o
 .debug_macro   0x0000000000014d0a      0x321 ./Application/User/gpio.o
 .debug_macro   0x000000000001502b      0x432 ./Application/User/gpio.o
 .debug_macro   0x000000000001545d       0xeb ./Application/User/gpio.o
 .debug_macro   0x0000000000015548      0x4f2 ./Application/User/gpio.o
 .debug_macro   0x0000000000015a3a      0x1a5 ./Application/User/gpio.o
 .debug_macro   0x0000000000015bdf       0x52 ./Application/User/gpio.o
 .debug_macro   0x0000000000015c31       0x18 ./Application/User/gpio.o
 .debug_macro   0x0000000000015c49       0x3c ./Application/User/gpio.o
 .debug_macro   0x0000000000015c85       0x34 ./Application/User/gpio.o
 .debug_macro   0x0000000000015cb9       0x16 ./Application/User/gpio.o
 .debug_macro   0x0000000000015ccf       0x35 ./Application/User/gpio.o
 .debug_macro   0x0000000000015d04      0x341 ./Application/User/gpio.o
 .debug_macro   0x0000000000016045       0x10 ./Application/User/gpio.o
 .debug_macro   0x0000000000016055       0x16 ./Application/User/gpio.o
 .debug_macro   0x000000000001606b       0x43 ./Application/User/gpio.o
 .debug_macro   0x00000000000160ae       0x34 ./Application/User/gpio.o
 .debug_macro   0x00000000000160e2       0x10 ./Application/User/gpio.o
 .debug_macro   0x00000000000160f2       0x58 ./Application/User/gpio.o
 .debug_macro   0x000000000001614a       0x71 ./Application/User/gpio.o
 .debug_macro   0x00000000000161bb       0x1c ./Application/User/gpio.o
 .debug_macro   0x00000000000161d7      0x12a ./Application/User/gpio.o
 .debug_macro   0x0000000000016301       0x10 ./Application/User/gpio.o
 .debug_macro   0x0000000000016311       0x1c ./Application/User/gpio.o
 .debug_macro   0x000000000001632d       0x52 ./Application/User/gpio.o
 .debug_macro   0x000000000001637f       0x22 ./Application/User/gpio.o
 .debug_macro   0x00000000000163a1       0x10 ./Application/User/gpio.o
 .debug_macro   0x00000000000163b1       0x52 ./Application/User/gpio.o
 .debug_macro   0x0000000000016403       0xd5 ./Application/User/gpio.o
 .debug_macro   0x00000000000164d8       0x1c ./Application/User/gpio.o
 .debug_macro   0x00000000000164f4       0x3d ./Application/User/gpio.o
 .debug_macro   0x0000000000016531       0x16 ./Application/User/gpio.o
 .debug_macro   0x0000000000016547      0x145 ./Application/User/gpio.o
 .debug_macro   0x000000000001668c       0x2e ./Application/User/gpio.o
 .debug_macro   0x00000000000166ba      0x350 ./Application/User/main.o
 .debug_macro   0x0000000000016a0a       0x16 ./Application/User/main.o
 .debug_macro   0x0000000000016a20       0x34 ./Application/User/main.o
 .debug_macro   0x0000000000016a54      0x347 ./Application/User/stm32g0xx_hal_msp.o
 .debug_macro   0x0000000000016d9b      0x351 ./Application/User/stm32g0xx_it.o
 .debug_macro   0x00000000000170ec       0xff ./Application/User/sysmem.o
 .debug_macro   0x00000000000171eb      0x23b ./Application/User/sysmem.o
 .debug_macro   0x0000000000017426      0x209 ./Drivers/BSP/STM32G0xx_Nucleo/stm32g0xx_nucleo.o
 .debug_macro   0x000000000001762f      0x19f ./Drivers/BSP/STM32G0xx_Nucleo/stm32g0xx_nucleo.o
 .debug_macro   0x00000000000177ce      0x1d6 ./Drivers/CMSIS/system_stm32g0xx.o
 .debug_macro   0x00000000000179a4      0x1f4 ./Drivers/STM32G0xx_HAL_Driver/stm32g0xx_hal.o
 .debug_macro   0x0000000000017b98      0x1d0 ./Drivers/STM32G0xx_HAL_Driver/stm32g0xx_hal_cortex.o
 .debug_macro   0x0000000000017d68      0x1d7 ./Drivers/STM32G0xx_HAL_Driver/stm32g0xx_hal_gpio.o
 .debug_macro   0x0000000000017f3f      0x1d0 ./Drivers/STM32G0xx_HAL_Driver/stm32g0xx_hal_pwr.o
 .debug_macro   0x000000000001810f      0x20c ./Drivers/STM32G0xx_HAL_Driver/stm32g0xx_hal_rcc.o
 .debug_macro   0x000000000001831b      0x1e8 ./Drivers/STM32G0xx_HAL_Driver/stm32g0xx_hal_rcc_ex.o
 .debug_macro   0x0000000000018503      0x1d1 ./Drivers/STM32G0xx_HAL_Driver/stm32g0xx_hal_rtc.o
 .debug_macro   0x00000000000186d4      0x1d0 ./Drivers/STM32G0xx_HAL_Driver/stm32g0xx_hal_rtc_ex.o

.comment        0x0000000000000000       0x50
 .comment       0x0000000000000000       0x50 ./Application/User/gpio.o
                                         0x51 (size before relaxing)
 .comment       0x0000000000000050       0x51 ./Application/User/main.o
 .comment       0x0000000000000050       0x51 ./Application/User/stm32g0xx_hal_msp.o
 .comment       0x0000000000000050       0x51 ./Application/User/stm32g0xx_it.o
 .comment       0x0000000000000050       0x51 ./Application/User/sysmem.o
 .comment       0x0000000000000050       0x51 ./Drivers/BSP/STM32G0xx_Nucleo/stm32g0xx_nucleo.o
 .comment       0x0000000000000050       0x51 ./Drivers/CMSIS/system_stm32g0xx.o
 .comment       0x0000000000000050       0x51 ./Drivers/STM32G0xx_HAL_Driver/stm32g0xx_hal.o
 .comment       0x0000000000000050       0x51 ./Drivers/STM32G0xx_HAL_Driver/stm32g0xx_hal_cortex.o
 .comment       0x0000000000000050       0x51 ./Drivers/STM32G0xx_HAL_Driver/stm32g0xx_hal_gpio.o
 .comment       0x0000000000000050       0x51 ./Drivers/STM32G0xx_HAL_Driver/stm32g0xx_hal_pwr.o
 .comment       0x0000000000000050       0x51 ./Drivers/STM32G0xx_HAL_Driver/stm32g0xx_hal_rcc.o
 .comment       0x0000000000000050       0x51 ./Drivers/STM32G0xx_HAL_Driver/stm32g0xx_hal_rcc_ex.o
 .comment       0x0000000000000050       0x51 ./Drivers/STM32G0xx_HAL_Driver/stm32g0xx_hal_rtc.o
 .comment       0x0000000000000050       0x51 ./Drivers/STM32G0xx_HAL_Driver/stm32g0xx_hal_rtc_ex.o

.debug_frame    0x0000000000000000     0x1d88
 .debug_frame   0x0000000000000000       0xb0 ./Application/User/gpio.o
 .debug_frame   0x00000000000000b0       0xec ./Application/User/main.o
 .debug_frame   0x000000000000019c       0x70 ./Application/User/stm32g0xx_hal_msp.o
 .debug_frame   0x000000000000020c       0x80 ./Application/User/stm32g0xx_it.o
 .debug_frame   0x000000000000028c       0x30 ./Application/User/sysmem.o
 .debug_frame   0x00000000000002bc      0x12c ./Drivers/BSP/STM32G0xx_Nucleo/stm32g0xx_nucleo.o
 .debug_frame   0x00000000000003e8       0x4c ./Drivers/CMSIS/system_stm32g0xx.o
 .debug_frame   0x0000000000000434      0x3dc ./Drivers/STM32G0xx_HAL_Driver/stm32g0xx_hal.o
 .debug_frame   0x0000000000000810      0x2fc ./Drivers/STM32G0xx_HAL_Driver/stm32g0xx_hal_cortex.o
 .debug_frame   0x0000000000000b0c      0x130 ./Drivers/STM32G0xx_HAL_Driver/stm32g0xx_hal_gpio.o
 .debug_frame   0x0000000000000c3c      0x170 ./Drivers/STM32G0xx_HAL_Driver/stm32g0xx_hal_pwr.o
 .debug_frame   0x0000000000000dac      0x214 ./Drivers/STM32G0xx_HAL_Driver/stm32g0xx_hal_rcc.o
 .debug_frame   0x0000000000000fc0       0xb0 ./Drivers/STM32G0xx_HAL_Driver/stm32g0xx_hal_rcc_ex.o
 .debug_frame   0x0000000000001070      0x360 ./Drivers/STM32G0xx_HAL_Driver/stm32g0xx_hal_rtc.o
 .debug_frame   0x00000000000013d0      0x578 ./Drivers/STM32G0xx_HAL_Driver/stm32g0xx_hal_rtc_ex.o
 .debug_frame   0x0000000000001948       0x20 /Applications/STM32CubeIDE.app/Contents/Eclipse/plugins/com.st.stm32cube.ide.mcu.externaltools.gnu-tools-for-stm32.10.3-2021.10.macos64_1.0.0.202111181127/tools/bin/../lib/gcc/arm-none-eabi/10.3.1/../../../../arm-none-eabi/lib/thumb/v6-m/nofp/libc_nano.a(lib_a-errno.o)
 .debug_frame   0x0000000000001968       0x2c /Applications/STM32CubeIDE.app/Contents/Eclipse/plugins/com.st.stm32cube.ide.mcu.externaltools.gnu-tools-for-stm32.10.3-2021.10.macos64_1.0.0.202111181127/tools/bin/../lib/gcc/arm-none-eabi/10.3.1/../../../../arm-none-eabi/lib/thumb/v6-m/nofp/libc_nano.a(lib_a-init.o)
 .debug_frame   0x0000000000001994       0x20 /Applications/STM32CubeIDE.app/Contents/Eclipse/plugins/com.st.stm32cube.ide.mcu.externaltools.gnu-tools-for-stm32.10.3-2021.10.macos64_1.0.0.202111181127/tools/bin/../lib/gcc/arm-none-eabi/10.3.1/../../../../arm-none-eabi/lib/thumb/v6-m/nofp/libc_nano.a(lib_a-memset.o)
 .debug_frame   0x00000000000019b4       0x48 /Applications/STM32CubeIDE.app/Contents/Eclipse/plugins/com.st.stm32cube.ide.mcu.externaltools.gnu-tools-for-stm32.10.3-2021.10.macos64_1.0.0.202111181127/tools/bin/../lib/gcc/arm-none-eabi/10.3.1/../../../../arm-none-eabi/lib/thumb/v6-m/nofp/libc_nano.a(lib_a-sprintf.o)
 .debug_frame   0x00000000000019fc       0x74 /Applications/STM32CubeIDE.app/Contents/Eclipse/plugins/com.st.stm32cube.ide.mcu.externaltools.gnu-tools-for-stm32.10.3-2021.10.macos64_1.0.0.202111181127/tools/bin/../lib/gcc/arm-none-eabi/10.3.1/../../../../arm-none-eabi/lib/thumb/v6-m/nofp/libc_nano.a(lib_a-nano-svfprintf.o)
 .debug_frame   0x0000000000001a70       0x54 /Applications/STM32CubeIDE.app/Contents/Eclipse/plugins/com.st.stm32cube.ide.mcu.externaltools.gnu-tools-for-stm32.10.3-2021.10.macos64_1.0.0.202111181127/tools/bin/../lib/gcc/arm-none-eabi/10.3.1/../../../../arm-none-eabi/lib/thumb/v6-m/nofp/libc_nano.a(lib_a-nano-vfprintf_i.o)
 .debug_frame   0x0000000000001ac4       0x20 /Applications/STM32CubeIDE.app/Contents/Eclipse/plugins/com.st.stm32cube.ide.mcu.externaltools.gnu-tools-for-stm32.10.3-2021.10.macos64_1.0.0.202111181127/tools/bin/../lib/gcc/arm-none-eabi/10.3.1/../../../../arm-none-eabi/lib/thumb/v6-m/nofp/libc_nano.a(lib_a-memchr-stub.o)
 .debug_frame   0x0000000000001ae4       0x28 /Applications/STM32CubeIDE.app/Contents/Eclipse/plugins/com.st.stm32cube.ide.mcu.externaltools.gnu-tools-for-stm32.10.3-2021.10.macos64_1.0.0.202111181127/tools/bin/../lib/gcc/arm-none-eabi/10.3.1/../../../../arm-none-eabi/lib/thumb/v6-m/nofp/libc_nano.a(lib_a-memcpy-stub.o)
 .debug_frame   0x0000000000001b0c       0x28 /Applications/STM32CubeIDE.app/Contents/Eclipse/plugins/com.st.stm32cube.ide.mcu.externaltools.gnu-tools-for-stm32.10.3-2021.10.macos64_1.0.0.202111181127/tools/bin/../lib/gcc/arm-none-eabi/10.3.1/../../../../arm-none-eabi/lib/thumb/v6-m/nofp/libc_nano.a(lib_a-memmove.o)
 .debug_frame   0x0000000000001b34       0x2c /Applications/STM32CubeIDE.app/Contents/Eclipse/plugins/com.st.stm32cube.ide.mcu.externaltools.gnu-tools-for-stm32.10.3-2021.10.macos64_1.0.0.202111181127/tools/bin/../lib/gcc/arm-none-eabi/10.3.1/../../../../arm-none-eabi/lib/thumb/v6-m/nofp/libc_nano.a(lib_a-nano-freer.o)
 .debug_frame   0x0000000000001b60       0x50 /Applications/STM32CubeIDE.app/Contents/Eclipse/plugins/com.st.stm32cube.ide.mcu.externaltools.gnu-tools-for-stm32.10.3-2021.10.macos64_1.0.0.202111181127/tools/bin/../lib/gcc/arm-none-eabi/10.3.1/../../../../arm-none-eabi/lib/thumb/v6-m/nofp/libc_nano.a(lib_a-nano-mallocr.o)
 .debug_frame   0x0000000000001bb0       0x34 /Applications/STM32CubeIDE.app/Contents/Eclipse/plugins/com.st.stm32cube.ide.mcu.externaltools.gnu-tools-for-stm32.10.3-2021.10.macos64_1.0.0.202111181127/tools/bin/../lib/gcc/arm-none-eabi/10.3.1/../../../../arm-none-eabi/lib/thumb/v6-m/nofp/libc_nano.a(lib_a-nano-reallocr.o)
 .debug_frame   0x0000000000001be4       0x2c /Applications/STM32CubeIDE.app/Contents/Eclipse/plugins/com.st.stm32cube.ide.mcu.externaltools.gnu-tools-for-stm32.10.3-2021.10.macos64_1.0.0.202111181127/tools/bin/../lib/gcc/arm-none-eabi/10.3.1/../../../../arm-none-eabi/lib/thumb/v6-m/nofp/libc_nano.a(lib_a-sbrkr.o)
 .debug_frame   0x0000000000001c10       0x40 /Applications/STM32CubeIDE.app/Contents/Eclipse/plugins/com.st.stm32cube.ide.mcu.externaltools.gnu-tools-for-stm32.10.3-2021.10.macos64_1.0.0.202111181127/tools/bin/../lib/gcc/arm-none-eabi/10.3.1/../../../../arm-none-eabi/lib/thumb/v6-m/nofp/libc_nano.a(lib_a-mlock.o)
 .debug_frame   0x0000000000001c50       0x20 /Applications/STM32CubeIDE.app/Contents/Eclipse/plugins/com.st.stm32cube.ide.mcu.externaltools.gnu-tools-for-stm32.10.3-2021.10.macos64_1.0.0.202111181127/tools/bin/../lib/gcc/arm-none-eabi/10.3.1/../../../../arm-none-eabi/lib/thumb/v6-m/nofp/libc_nano.a(lib_a-nano-msizer.o)
 .debug_frame   0x0000000000001c70       0x48 /Applications/STM32CubeIDE.app/Contents/Eclipse/plugins/com.st.stm32cube.ide.mcu.externaltools.gnu-tools-for-stm32.10.3-2021.10.macos64_1.0.0.202111181127/tools/bin/../lib/gcc/arm-none-eabi/10.3.1/../../../../arm-none-eabi/lib/thumb/v6-m/nofp/libc_nano.a(lib_a-reent.o)
 .debug_frame   0x0000000000001cb8       0xb0 /Applications/STM32CubeIDE.app/Contents/Eclipse/plugins/com.st.stm32cube.ide.mcu.externaltools.gnu-tools-for-stm32.10.3-2021.10.macos64_1.0.0.202111181127/tools/bin/../lib/gcc/arm-none-eabi/10.3.1/../../../../arm-none-eabi/lib/thumb/v6-m/nofp/libc_nano.a(lib_a-lock.o)
 .debug_frame   0x0000000000001d68       0x20 /Applications/STM32CubeIDE.app/Contents/Eclipse/plugins/com.st.stm32cube.ide.mcu.externaltools.gnu-tools-for-stm32.10.3-2021.10.macos64_1.0.0.202111181127/tools/bin/../lib/gcc/arm-none-eabi/10.3.1/thumb/v6-m/nofp/libgcc.a(_udivsi3.o)
